Component: ARM Compiler 5.05 update 1 (build 106) Tool: armlink [4d0efa]

==============================================================================

Section Cross References

    croutine.o(i.prvCheckDelayedList) refers to tasks.o(i.xTaskGetTickCount) for xTaskGetTickCount
    croutine.o(i.prvCheckDelayedList) refers to list.o(i.uxListRemove) for uxListRemove
    croutine.o(i.prvCheckDelayedList) refers to list.o(i.vListInsertEnd) for vListInsertEnd
    croutine.o(i.prvCheckDelayedList) refers to croutine.o(.data) for xLastTickCount
    croutine.o(i.prvCheckDelayedList) refers to croutine.o(.bss) for pxReadyCoRoutineLists
    croutine.o(i.prvCheckPendingReadyList) refers to list.o(i.uxListRemove) for uxListRemove
    croutine.o(i.prvCheckPendingReadyList) refers to list.o(i.vListInsertEnd) for vListInsertEnd
    croutine.o(i.prvCheckPendingReadyList) refers to croutine.o(.bss) for xPendingReadyCoRoutineList
    croutine.o(i.prvCheckPendingReadyList) refers to croutine.o(.data) for uxTopCoRoutineReadyPriority
    croutine.o(i.prvInitialiseCoRoutineLists) refers to list.o(i.vListInitialise) for vListInitialise
    croutine.o(i.prvInitialiseCoRoutineLists) refers to croutine.o(.bss) for pxReadyCoRoutineLists
    croutine.o(i.prvInitialiseCoRoutineLists) refers to croutine.o(.data) for pxDelayedCoRoutineList
    croutine.o(i.vCoRoutineAddToDelayedList) refers to list.o(i.uxListRemove) for uxListRemove
    croutine.o(i.vCoRoutineAddToDelayedList) refers to list.o(i.vListInsert) for vListInsert
    croutine.o(i.vCoRoutineAddToDelayedList) refers to croutine.o(.data) for xCoRoutineTickCount
    croutine.o(i.vCoRoutineSchedule) refers to croutine.o(i.prvCheckPendingReadyList) for prvCheckPendingReadyList
    croutine.o(i.vCoRoutineSchedule) refers to croutine.o(i.prvCheckDelayedList) for prvCheckDelayedList
    croutine.o(i.vCoRoutineSchedule) refers to croutine.o(.data) for uxTopCoRoutineReadyPriority
    croutine.o(i.vCoRoutineSchedule) refers to croutine.o(.bss) for pxReadyCoRoutineLists
    croutine.o(i.xCoRoutineCreate) refers to heap_4.o(i.pvPortMalloc) for pvPortMalloc
    croutine.o(i.xCoRoutineCreate) refers to croutine.o(i.prvInitialiseCoRoutineLists) for prvInitialiseCoRoutineLists
    croutine.o(i.xCoRoutineCreate) refers to list.o(i.vListInitialiseItem) for vListInitialiseItem
    croutine.o(i.xCoRoutineCreate) refers to list.o(i.vListInsertEnd) for vListInsertEnd
    croutine.o(i.xCoRoutineCreate) refers to croutine.o(.data) for pxCurrentCoRoutine
    croutine.o(i.xCoRoutineCreate) refers to croutine.o(.bss) for pxReadyCoRoutineLists
    croutine.o(i.xCoRoutineRemoveFromEventList) refers to list.o(i.uxListRemove) for uxListRemove
    croutine.o(i.xCoRoutineRemoveFromEventList) refers to list.o(i.vListInsertEnd) for vListInsertEnd
    croutine.o(i.xCoRoutineRemoveFromEventList) refers to croutine.o(.bss) for xPendingReadyCoRoutineList
    croutine.o(i.xCoRoutineRemoveFromEventList) refers to croutine.o(.data) for pxCurrentCoRoutine
    event_groups.o(i.vEventGroupClearBitsCallback) refers to event_groups.o(i.xEventGroupClearBits) for xEventGroupClearBits
    event_groups.o(i.vEventGroupDelete) refers to tasks.o(i.vTaskSuspendAll) for vTaskSuspendAll
    event_groups.o(i.vEventGroupDelete) refers to tasks.o(i.xTaskRemoveFromUnorderedEventList) for xTaskRemoveFromUnorderedEventList
    event_groups.o(i.vEventGroupDelete) refers to heap_4.o(i.vPortFree) for vPortFree
    event_groups.o(i.vEventGroupDelete) refers to tasks.o(i.xTaskResumeAll) for xTaskResumeAll
    event_groups.o(i.vEventGroupSetBitsCallback) refers to event_groups.o(i.xEventGroupSetBits) for xEventGroupSetBits
    event_groups.o(i.xEventGroupClearBits) refers to port.o(i.vPortEnterCritical) for vPortEnterCritical
    event_groups.o(i.xEventGroupClearBits) refers to port.o(i.vPortExitCritical) for vPortExitCritical
    event_groups.o(i.xEventGroupCreate) refers to heap_4.o(i.pvPortMalloc) for pvPortMalloc
    event_groups.o(i.xEventGroupCreate) refers to list.o(i.vListInitialise) for vListInitialise
    event_groups.o(i.xEventGroupSetBits) refers to tasks.o(i.vTaskSuspendAll) for vTaskSuspendAll
    event_groups.o(i.xEventGroupSetBits) refers to tasks.o(i.xTaskRemoveFromUnorderedEventList) for xTaskRemoveFromUnorderedEventList
    event_groups.o(i.xEventGroupSetBits) refers to tasks.o(i.xTaskResumeAll) for xTaskResumeAll
    event_groups.o(i.xEventGroupSync) refers to tasks.o(i.xTaskGetSchedulerState) for xTaskGetSchedulerState
    event_groups.o(i.xEventGroupSync) refers to tasks.o(i.vTaskSuspendAll) for vTaskSuspendAll
    event_groups.o(i.xEventGroupSync) refers to event_groups.o(i.xEventGroupSetBits) for xEventGroupSetBits
    event_groups.o(i.xEventGroupSync) refers to tasks.o(i.vTaskPlaceOnUnorderedEventList) for vTaskPlaceOnUnorderedEventList
    event_groups.o(i.xEventGroupSync) refers to tasks.o(i.xTaskResumeAll) for xTaskResumeAll
[...]
    ../clib/angel/boardlib.s                 0x00000000   Number         0  boardinit3.o ABSOLUTE
    ../clib/angel/boardlib.s                 0x00000000   Number         0  boardshut.o ABSOLUTE
    ../clib/angel/handlers.s                 0x00000000   Number         0  __scatter_copy.o ABSOLUTE
    ../clib/angel/handlers.s                 0x00000000   Number         0  __scatter_zi.o ABSOLUTE
    ../clib/angel/kernel.s                   0x00000000   Number         0  __rtentry4.o ABSOLUTE
    ../clib/angel/kernel.s                   0x00000000   Number         0  __rtentry2.o ABSOLUTE
    ../clib/angel/kernel.s                   0x00000000   Number         0  __rtentry.o ABSOLUTE
    ../clib/angel/kernel.s                   0x00000000   Number         0  rtexit.o ABSOLUTE
    ../clib/angel/kernel.s                   0x00000000   Number         0  rtexit2.o ABSOLUTE
    ../clib/angel/rt.s                       0x00000000   Number         0  rt_ctype_table.o ABSOLUTE
    ../clib/angel/rt.s                       0x00000000   Number         0  rt_heap_descriptor.o ABSOLUTE
    ../clib/angel/rt.s                       0x00000000   Number         0  rt_raise.o ABSOLUTE
    ../clib/angel/rt.s                       0x00000000   Number         0  rt_locale.o ABSOLUTE
    ../clib/angel/rt.s                       0x00000000   Number         0  rt_locale_intlibspace.o ABSOLUTE
    ../clib/angel/rt.s                       0x00000000   Number         0  rt_errno_addr_intlibspace.o ABSOLUTE
    ../clib/angel/rt.s                       0x00000000   Number         0  rt_errno_addr.o ABSOLUTE
    ../clib/angel/rt.s                       0x00000000   Number         0  rt_heap_descriptor_intlibspace.o ABSOLUTE
    ../clib/angel/scatter.s                  0x00000000   Number         0  __scatter.o ABSOLUTE
    ../clib/angel/startup.s                  0x00000000   Number         0  __main.o ABSOLUTE
    ../clib/angel/sys.s                      0x00000000   Number         0  libspace.o ABSOLUTE
    ../clib/angel/sys.s                      0x00000000   Number         0  mutex_dummy.o ABSOLUTE
    ../clib/angel/sys.s                      0x00000000   Number         0  sys_stackheap_outer.o ABSOLUTE
    ../clib/angel/sys.s                      0x00000000   Number         0  indicate_semi.o ABSOLUTE
    ../clib/angel/sys.s                      0x00000000   Number         0  use_no_semi.o ABSOLUTE
    ../clib/angel/sysapp.c                   0x00000000   Number         0  sys_wrch.o ABSOLUTE
    ../clib/angel/sysapp.c                   0x00000000   Number         0  sys_exit.o ABSOLUTE
    ../clib/angel/sysapp.c                   0x00000000   Number         0  sys_command.o ABSOLUTE
    ../clib/armsys.c                         0x00000000   Number         0  no_argv.o ABSOLUTE
    ../clib/armsys.c                         0x00000000   Number         0  _get_argv_nomalloc.o ABSOLUTE
    ../clib/armsys.c                         0x00000000   Number         0  argv_veneer.o ABSOLUTE
    ../clib/armsys.c                         0x00000000   Number         0  _get_argv.o ABSOLUTE
    ../clib/armsys.c                         0x00000000   Number         0  argv_veneer.o ABSOLUTE
    ../clib/heap1.c                          0x00000000   Number         0  h1_alloc_mt.o ABSOLUTE
    ../clib/heap1.c                          0x00000000   Number         0  h1_init.o ABSOLUTE
    ../clib/heap1.c                          0x00000000   Number         0  h1_final.o ABSOLUTE
    ../clib/heap1.c                          0x00000000   Number         0  h1_free.o ABSOLUTE
    ../clib/heap1.c                          0x00000000   Number         0  h1_init_mt.o ABSOLUTE
    ../clib/heap1.c                          0x00000000   Number         0  h1_free_mt.o ABSOLUTE
    ../clib/heap1.c                          0x00000000   Number         0  h1_alloc.o ABSOLUTE
    ../clib/heap1.c                          0x00000000   Number         0  h1_final_mt.o ABSOLUTE
    ../clib/heap1.c                          0x00000000   Number         0  h1_extend_mt.o ABSOLUTE
    ../clib/heap1.c                          0x00000000   Number         0  h1_extend.o ABSOLUTE
    ../clib/heap2.c                          0x00000000   Number         0  fdtree.o ABSOLUTE
    ../clib/heap2.c                          0x00000000   Number         0  heap2.o ABSOLUTE
    ../clib/heap2.c                          0x00000000   Number         0  heap2mt.o ABSOLUTE
    ../clib/heapalloc.c                      0x00000000   Number         0  hrguard.o ABSOLUTE
    ../clib/heapalloc.c                      0x00000000   Number         0  hguard.o ABSOLUTE
    ../clib/heapalloc.c                      0x00000000   Number         0  heapstubs.o ABSOLUTE
    ../clib/heapalloc.c                      0x00000000   Number         0  free.o ABSOLUTE
    ../clib/heapalloc.c                      0x00000000   Number         0  maybetermalloc1.o ABSOLUTE
    ../clib/heapalloc.c                      0x00000000   Number         0  malloc.o ABSOLUTE
    ../clib/heapalloc.c                      0x00000000   Number         0  term_alloc.o ABSOLUTE
    ../clib/heapalloc.c                      0x00000000   Number         0  init_alloc.o ABSOLUTE
    ../clib/heapalloc.c                      0x00000000   Number         0  maybetermalloc1.o ABSOLUTE
    ../clib/heapalloc.c                      0x00000000   Number         0  maybetermalloc2.o ABSOLUTE
    ../clib/heapalloc.c                      0x00000000   Number         0  maybetermalloc2.o ABSOLUTE
    ../clib/heapaux.c                        0x00000000   Number         0  heapauxi.o ABSOLUTE
    ../clib/heapaux.c                        0x00000000   Number         0  heapauxa.o ABSOLUTE
    ../clib/libinit.s                        0x00000000   Number         0  libshutdown2.o ABSOLUTE
    ../clib/libinit.s                        0x00000000   Number         0  libinit2.o ABSOLUTE
    ../clib/libinit.s                        0x00000000   Number         0  libinit.o ABSOLUTE
    ../clib/libinit.s                        0x00000000   Number         0  libshutdown.o ABSOLUTE
    ../clib/locale.s                         0x00000000   Number         0  lc_ctype_c.o ABSOLUTE
    ../clib/memcpset.s                       0x00000000   Number         0  strcmpv7m.o ABSOLUTE
    ../clib/memcpset.s                       0x00000000   Number         0  rt_memclr.o ABSOLUTE
    ../clib/memcpset.s                       0x00000000   Number         0  rt_memcpy_w.o ABSOLUTE
    ../clib/memcpset.s                       0x00000000   Number         0  rt_memcpy_v6.o ABSOLUTE
    ../clib/memcpset.s                       0x00000000   Number         0  aeabi_memset.o ABSOLUTE
    ../clib/memcpset.s                       0x00000000   Number         0  rt_memclr_w.o ABSOLUTE
    ../clib/memcpset.s                       0x00000000   Number         0  strncpy.o ABSOLUTE
    ../clib/scanf.c                          0x00000000   Number         0  _chval.o ABSOLUTE
    ../clib/scanf.c                          0x00000000   Number         0  strtol.o ABSOLUTE
    ../clib/scanf.c                          0x00000000   Number         0  atoi.o ABSOLUTE
    ../clib/scanf.c                          0x00000000   Number         0  _strtoul.o ABSOLUTE
    ../clib/signal.c                         0x00000000   Number         0  defsig_segv_inner.o ABSOLUTE
    ../clib/signal.c                         0x00000000   Number         0  defsig_other.o ABSOLUTE
    ../clib/signal.c                         0x00000000   Number         0  defsig_rtmem_inner.o ABSOLUTE
    ../clib/signal.c                         0x00000000   Number         0  defsig_rtmem_outer.o ABSOLUTE
    ../clib/signal.c                         0x00000000   Number         0  defsig_rtmem_formal.o ABSOLUTE
    ../clib/signal.c                         0x00000000   Number         0  defsig_exit.o ABSOLUTE
    ../clib/signal.c                         0x00000000   Number         0  __raise.o ABSOLUTE
    ../clib/signal.c                         0x00000000   Number         0  defsig_general.o ABSOLUTE
    ../clib/signal.c                         0x00000000   Number         0  defsig_abrt_inner.o ABSOLUTE
    ../clib/signal.c                         0x00000000   Number         0  defsig_fpe_inner.o ABSOLUTE
    ../clib/signal.c                         0x00000000   Number         0  defsig_rtred_inner.o ABSOLUTE
    ../clib/signal.c                         0x00000000   Number         0  defsig_stak_inner.o ABSOLUTE
    ../clib/signal.c                         0x00000000   Number         0  defsig_pvfn_inner.o ABSOLUTE
    ../clib/signal.c                         0x00000000   Number         0  defsig_cppl_inner.o ABSOLUTE
    ../clib/signal.s                         0x00000000   Number         0  defsig.o ABSOLUTE
    ../clib/stdlib.c                         0x00000000   Number         0  exit.o ABSOLUTE
    ../clib/string.c                         0x00000000   Number         0  strspn.o ABSOLUTE
    ../clib/string.c                         0x00000000   Number         0  strtok_int.o ABSOLUTE
    ../clib/string.c                         0x00000000   Number         0  strcspn.o ABSOLUTE
    ../clib/string.c                         0x00000000   Number         0  strtok.o ABSOLUTE
    ../clib/string.c                         0x00000000   Number         0  strlen.o ABSOLUTE
    ../clib/string.c                         0x00000000   Number         0  strncmp.o ABSOLUTE
    ../fplib/fpinit.s                        0x00000000   Number         0  fpinit.o ABSOLUTE
    CLI\CLI-commands.c                       0x00000000   Number         0  cli-commands.o ABSOLUTE
    CLI\FreeRTOS_CLI.c                       0x00000000   Number         0  freertos_cli.o ABSOLUTE
    CLI\\CLI-commands.c                      0x00000000   Number         0  cli-commands.o ABSOLUTE
    FreeRTOS\\portable\\port.c               0x00000000   Number         0  port.o ABSOLUTE
    FreeRTOS\croutine.c                      0x00000000   Number         0  croutine.o ABSOLUTE
    FreeRTOS\event_groups.c                  0x00000000   Number         0  event_groups.o ABSOLUTE
    FreeRTOS\list.c                          0x00000000   Number         0  list.o ABSOLUTE
    FreeRTOS\portable\MemMang\heap_4.c       0x00000000   Number         0  heap_4.o ABSOLUTE
    FreeRTOS\portable\port.c                 0x00000000   Number         0  port.o ABSOLUTE
    FreeRTOS\queue.c                         0x00000000   Number         0  queue.o ABSOLUTE
    FreeRTOS\tasks.c                         0x00000000   Number         0  tasks.o ABSOLUTE
    FreeRTOS\timers.c                        0x00000000   Number         0  timers.o ABSOLUTE
    RTE\Device\MK64FN1M0xxx12\startup_MK64F12.s 0x00000000   Number         0  startup_mk64f12.o ABSOLUTE
    RTE\Device\MK64FN1M0xxx12\system_MK64F12.c 0x00000000   Number         0  system_mk64f12.o ABSOLUTE
    RTE\\Device\\MK64FN1M0xxx12\\system_MK64F12.c 0x00000000   Number         0  system_mk64f12.o ABSOLUTE
    dc.s                                     0x00000000   Number         0  dc.o ABSOLUTE
    src\\enet.c                              0x00000000   Number         0  enet.o ABSOLUTE
    src\\main.c                              0x00000000   Number         0  main.o ABSOLUTE
    src\\phy.c                               0x00000000   Number         0  phy.o ABSOLUTE
    src\\uart.c                              0x00000000   Number         0  uart.o ABSOLUTE
    src\enet.c                               0x00000000   Number         0  enet.o ABSOLUTE
    src\main.c                               0x00000000   Number         0  main.o ABSOLUTE
    src\phy.c                                0x00000000   Number         0  phy.o ABSOLUTE
    src\uart.c                               0x00000000   Number         0  uart.o ABSOLUTE
    tasks\\cliTask.c                         0x00000000   Number         0  clitask.o ABSOLUTE
    tasks\\streamTask.c                      0x00000000   Number         0  streamtask.o ABSOLUTE
    tasks\cliTask.c                          0x00000000   Number         0  clitask.o ABSOLUTE
    tasks\streamTask.c                       0x00000000   Number         0  streamtask.o ABSOLUTE
    .ARM.__at_0x400                          0x00000400   Section       16  startup_mk64f12.o(.ARM.__at_0x400)
    !!!main                                  0x00000410   Section        8  __main.o(!!!main)
    !!!scatter                               0x00000418   Section       52  __scatter.o(!!!scatter)
    !!handler_copy                           0x0000044c   Section       26  __scatter_copy.o(!!handler_copy)
    !!handler_zi                             0x00000468   Section       28  __scatter_zi.o(!!handler_zi)
    .ARM.Collect$$libinit$$00000000          0x00000484   Section        2  libinit.o(.ARM.Collect$$libinit$$00000000)
    .ARM.Collect$$libinit$$00000001          0x00000486   Section        4  libinit2.o(.ARM.Collect$$libinit$$00000001)
    .ARM.Collect$$libinit$$00000004          0x0000048a   Section        0  libinit2.o(.ARM.Collect$$libinit$$00000004)
    .ARM.Collect$$libinit$$0000000A          0x0000048a   Section        0  libinit2.o(.ARM.Collect$$libinit$$0000000A)
    .ARM.Collect$$libinit$$0000000C          0x0000048a   Section        0  libinit2.o(.ARM.Collect$$libinit$$0000000C)
    .ARM.Collect$$libinit$$0000000E          0x0000048a   Section        0  libinit2.o(.ARM.Collect$$libinit$$0000000E)
    .ARM.Collect$$libinit$$0000000F          0x0000048a   Section        6  libinit2.o(.ARM.Collect$$libinit$$0000000F)
    .ARM.Collect$$libinit$$00000011          0x00000490   Section        0  libinit2.o(.ARM.Collect$$libinit$$00000011)
    .ARM.Collect$$libinit$$00000012          0x00000490   Section       12  libinit2.o(.ARM.Collect$$libinit$$00000012)
    .ARM.Collect$$libinit$$00000013          0x0000049c   Section        0  libinit2.o(.ARM.Collect$$libinit$$00000013)
    .ARM.Collect$$libinit$$00000015          0x0000049c   Section        0  libinit2.o(.ARM.Collect$$libinit$$00000015)
    .ARM.Collect$$libinit$$00000017          0x0000049c   Section        0  libinit2.o(.ARM.Collect$$libinit$$00000017)
    .ARM.Collect$$libinit$$00000019          0x0000049c   Section        0  libinit2.o(.ARM.Collect$$libinit$$00000019)
    .ARM.Collect$$libinit$$0000001B          0x0000049c   Section        0  libinit2.o(.ARM.Collect$$libinit$$0000001B)
    .ARM.Collect$$libinit$$0000001D          0x0000049c   Section        0  libinit2.o(.ARM.Collect$$libinit$$0000001D)
    .ARM.Collect$$libinit$$0000001F          0x0000049c   Section        0  libinit2.o(.ARM.Collect$$libinit$$0000001F)
    .ARM.Collect$$libinit$$00000021          0x0000049c   Section        0  libinit2.o(.ARM.Collect$$libinit$$00000021)
    .ARM.Collect$$libinit$$00000023          0x0000049c   Section        0  libinit2.o(.ARM.Collect$$libinit$$00000023)
    .ARM.Collect$$libinit$$00000025          0x0000049c   Section        0  libinit2.o(.ARM.Collect$$libinit$$00000025)
    .ARM.Collect$$libinit$$0000002C          0x0000049c   Section        0  libinit2.o(.ARM.Collect$$libinit$$0000002C)
    .ARM.Collect$$libinit$$0000002E          0x0000049c   Section        0  libinit2.o(.ARM.Collect$$libinit$$0000002E)
    .ARM.Collect$$libinit$$00000030          0x0000049c   Section        0  libinit2.o(.ARM.Collect$$libinit$$00000030)
    .ARM.Collect$$libinit$$00000032          0x0000049c   Section        0  libinit2.o(.ARM.Collect$$libinit$$00000032)
    .ARM.Collect$$libinit$$00000033          0x0000049c   Section        2  libinit2.o(.ARM.Collect$$libinit$$00000033)
    .ARM.Collect$$libshutdown$$00000000      0x0000049e   Section        2  libshutdown.o(.ARM.Collect$$libshutdown$$00000000)
    .ARM.Collect$$libshutdown$$00000003      0x000004a0   Section        0  libshutdown2.o(.ARM.Collect$$libshutdown$$00000003)
    .ARM.Collect$$libshutdown$$00000006      0x000004a0   Section        0  libshutdown2.o(.ARM.Collect$$libshutdown$$00000006)
    .ARM.Collect$$libshutdown$$00000009      0x000004a0   Section        0  libshutdown2.o(.ARM.Collect$$libshutdown$$00000009)
    .ARM.Collect$$libshutdown$$0000000B      0x000004a0   Section        0  libshutdown2.o(.ARM.Collect$$libshutdown$$0000000B)
    .ARM.Collect$$libshutdown$$0000000E      0x000004a0   Section        0  libshutdown2.o(.ARM.Collect$$libshutdown$$0000000E)
    .ARM.Collect$$libshutdown$$0000000F      0x000004a0   Section        2  libshutdown2.o(.ARM.Collect$$libshutdown$$0000000F)
    .ARM.Collect$$rtentry$$00000000          0x000004a2   Section        0  __rtentry.o(.ARM.Collect$$rtentry$$00000000)
    .ARM.Collect$$rtentry$$00000002          0x000004a2   Section        0  __rtentry2.o(.ARM.Collect$$rtentry$$00000002)
    .ARM.Collect$$rtentry$$00000004          0x000004a2   Section        6  __rtentry4.o(.ARM.Collect$$rtentry$$00000004)
    .ARM.Collect$$rtentry$$00000009          0x000004a8   Section        0  __rtentry2.o(.ARM.Collect$$rtentry$$00000009)
    .ARM.Collect$$rtentry$$0000000A          0x000004a8   Section        4  __rtentry2.o(.ARM.Collect$$rtentry$$0000000A)
    .ARM.Collect$$rtentry$$0000000C          0x000004ac   Section        0  __rtentry2.o(.ARM.Collect$$rtentry$$0000000C)
    .ARM.Collect$$rtentry$$0000000D          0x000004ac   Section        8  __rtentry2.o(.ARM.Collect$$rtentry$$0000000D)
    .ARM.Collect$$rtexit$$00000000           0x000004b4   Section        2  rtexit.o(.ARM.Collect$$rtexit$$00000000)
    .ARM.Collect$$rtexit$$00000002           0x000004b6   Section        0  rtexit2.o(.ARM.Collect$$rtexit$$00000002)
    .ARM.Collect$$rtexit$$00000003           0x000004b6   Section        4  rtexit2.o(.ARM.Collect$$rtexit$$00000003)
    .ARM.Collect$$rtexit$$00000004           0x000004ba   Section        6  rtexit2.o(.ARM.Collect$$rtexit$$00000004)
    .emb_text                                0x000004c0   Section      186  port.o(.emb_text)
    $v0                                      0x000004c0   Number         0  port.o(.emb_text)
    .text                                    0x0000057c   Section       72  startup_mk64f12.o(.text)
    $v0                                      0x0000057c   Number         0  startup_mk64f12.o(.text)
    .text                                    0x000005c4   Section        0  atoi.o(.text)
    .text                                    0x000005e0   Section        0  strtok.o(.text)
    .text                                    0x000005ec   Section        0  strlen.o(.text)
    .text                                    0x0000062a   Section        0  strncmp.o(.text)
    .text                                    0x000006c0   Section      138  rt_memcpy_v6.o(.text)
    .text                                    0x0000074a   Section       16  aeabi_memset.o(.text)
    .text                                    0x0000075a   Section       68  rt_memclr.o(.text)
    .text                                    0x0000079e   Section       78  rt_memclr_w.o(.text)
    .text                                    0x000007ec   Section       86  strncpy.o(.text)
    .text                                    0x00000842   Section        0  heapauxi.o(.text)
    .text                                    0x00000848   Section        8  rt_errno_addr_intlibspace.o(.text)
    .text                                    0x00000850   Section        0  strtol.o(.text)
    .text                                    0x000008c0   Section        0  strtok_int.o(.text)
    .text                                    0x00000904   Section      100  rt_memcpy_w.o(.text)
    .text                                    0x00000968   Section        8  libspace.o(.text)
    .text                                    0x00000970   Section       16  rt_ctype_table.o(.text)
    .text                                    0x00000980   Section        0  _strtoul.o(.text)
    .text                                    0x00000a1e   Section        0  strcspn.o(.text)
    .text                                    0x00000a3e   Section        0  strspn.o(.text)
    .text                                    0x00000a5a   Section        2  use_no_semi.o(.text)
    .text                                    0x00000a5c   Section        0  indicate_semi.o(.text)
    .text                                    0x00000a5c   Section       74  sys_stackheap_outer.o(.text)
    .text                                    0x00000aa8   Section        8  rt_locale_intlibspace.o(.text)
    .text                                    0x00000ab0   Section        0  _chval.o(.text)
    .text                                    0x00000acc   Section        0  exit.o(.text)
    .text                                    0x00000ad8   Section        0  sys_exit.o(.text)
    .text                                    0x00000ae4   Section      128  strcmpv7m.o(.text)
    i.FreeRTOS_CLIGetParameter               0x00000b64   Section        0  freertos_cli.o(i.FreeRTOS_CLIGetParameter)
    i.FreeRTOS_CLIProcessCommand             0x00000bc0   Section        0  freertos_cli.o(i.FreeRTOS_CLIProcessCommand)
    i.FreeRTOS_CLIRegisterCommand            0x00000c98   Section        0  freertos_cli.o(i.FreeRTOS_CLIRegisterCommand)
    i.GPIO_Init                              0x00000cfc   Section        0  enet.o(i.GPIO_Init)
    i.MAC_DescInit                           0x00000d18   Section        0  enet.o(i.MAC_DescInit)
    i.MAC_SetAddress                         0x00000e30   Section        0  enet.o(i.MAC_SetAddress)
    i.NVIC_EnableIRQ                         0x00000e8c   Section        0  enet.o(i.NVIC_EnableIRQ)
    NVIC_EnableIRQ                           0x00000e8d   Thumb Code    22  enet.o(i.NVIC_EnableIRQ)
    i.PHY_AddressDiscover                    0x00000ea2   Section        0  phy.o(i.PHY_AddressDiscover)
    i.PHY_Init                               0x00000ee0   Section        0  phy.o(i.PHY_Init)
    i.PHY_Read                               0x00000efc   Section        0  phy.o(i.PHY_Read)
    i.PHY_Write                              0x00000f48   Section        0  phy.o(i.PHY_Write)
    i.SIM_Init                               0x00000f90   Section        0  enet.o(i.SIM_Init)
    i.SendRaw                                0x00000fac   Section        0  enet.o(i.SendRaw)
    i.SysTick_Handler                        0x00001014   Section        0  port.o(i.SysTick_Handler)
    i.SystemInit                             0x00001048   Section        0  system_mk64f12.o(i.SystemInit)
    i.UART0_RX_TX_IRQHandler                 0x00001140   Section        0  uart.o(i.UART0_RX_TX_IRQHandler)
    i.UART_Init                              0x000011fc   Section        0  uart.o(i.UART_Init)
    i.abc                                    0x000013dc   Section        0  main.o(i.abc)
    i.enet_init                              0x000013f8   Section        0  enet.o(i.enet_init)
    i.enet_start_mii                         0x000014b8   Section        0  phy.o(i.enet_start_mii)
    i.main                                   0x000014e8   Section        0  main.o(i.main)
    i.prvAddCurrentTaskToDelayedList         0x00001674   Section        0  tasks.o(i.prvAddCurrentTaskToDelayedList)
    prvAddCurrentTaskToDelayedList           0x00001675   Thumb Code    62  tasks.o(i.prvAddCurrentTaskToDelayedList)
    i.prvAllocateTCBAndStack                 0x000016c8   Section        0  tasks.o(i.prvAllocateTCBAndStack)
    prvAllocateTCBAndStack                   0x000016c9   Thumb Code    66  tasks.o(i.prvAllocateTCBAndStack)
    i.prvCheckTasksWaitingTermination        0x0000170c   Section        0  tasks.o(i.prvCheckTasksWaitingTermination)
    prvCheckTasksWaitingTermination          0x0000170d   Thumb Code    86  tasks.o(i.prvCheckTasksWaitingTermination)
    i.prvCopyDataFromQueue                   0x00001770   Section        0  queue.o(i.prvCopyDataFromQueue)
    prvCopyDataFromQueue                     0x00001771   Thumb Code    42  queue.o(i.prvCopyDataFromQueue)
    i.prvCopyDataToQueue                     0x0000179a   Section        0  queue.o(i.prvCopyDataToQueue)
    prvCopyDataToQueue                       0x0000179b   Thumb Code   128  queue.o(i.prvCopyDataToQueue)
    i.prvDeleteTCB                           0x0000181a   Section        0  tasks.o(i.prvDeleteTCB)
    prvDeleteTCB                             0x0000181b   Thumb Code    18  tasks.o(i.prvDeleteTCB)
    i.prvGetNumberOfParameters               0x0000182c   Section        0  freertos_cli.o(i.prvGetNumberOfParameters)
    prvGetNumberOfParameters                 0x0000182d   Thumb Code    46  freertos_cli.o(i.prvGetNumberOfParameters)
    i.prvHeapInit                            0x0000185c   Section        0  heap_4.o(i.prvHeapInit)
    prvHeapInit                              0x0000185d   Thumb Code    98  heap_4.o(i.prvHeapInit)
    i.prvHelpCommand                         0x000018d8   Section        0  freertos_cli.o(i.prvHelpCommand)
    prvHelpCommand                           0x000018d9   Thumb Code    66  freertos_cli.o(i.prvHelpCommand)
    i.prvIdleTask                            0x00001924   Section        0  tasks.o(i.prvIdleTask)
    prvIdleTask                              0x00001925   Thumb Code    24  tasks.o(i.prvIdleTask)
    i.prvInitialiseTCBVariables              0x00001940   Section        0  tasks.o(i.prvInitialiseTCBVariables)
    prvInitialiseTCBVariables                0x00001941   Thumb Code    98  tasks.o(i.prvInitialiseTCBVariables)
    i.prvInitialiseTaskLists                 0x000019a4   Section        0  tasks.o(i.prvInitialiseTaskLists)
    prvInitialiseTaskLists                   0x000019a5   Thumb Code    70  tasks.o(i.prvInitialiseTaskLists)
    i.prvInsertBlockIntoFreeList             0x00001a0c   Section        0  heap_4.o(i.prvInsertBlockIntoFreeList)
    prvInsertBlockIntoFreeList               0x00001a0d   Thumb Code    96  heap_4.o(i.prvInsertBlockIntoFreeList)
    i.prvIsQueueEmpty                        0x00001a74   Section        0  queue.o(i.prvIsQueueEmpty)
    prvIsQueueEmpty                          0x00001a75   Thumb Code    26  queue.o(i.prvIsQueueEmpty)
    i.prvResetNextTaskUnblockTime            0x00001a90   Section        0  tasks.o(i.prvResetNextTaskUnblockTime)
    prvResetNextTaskUnblockTime              0x00001a91   Thumb Code    42  tasks.o(i.prvResetNextTaskUnblockTime)
    i.prvTaskExitError                       0x00001ac4   Section        0  port.o(i.prvTaskExitError)
    prvTaskExitError                         0x00001ac5   Thumb Code    60  port.o(i.prvTaskExitError)
    i.prvTaskIsTaskSuspended                 0x00001b04   Section        0  tasks.o(i.prvTaskIsTaskSuspended)
    prvTaskIsTaskSuspended                   0x00001b05   Thumb Code    80  tasks.o(i.prvTaskIsTaskSuspended)
    i.prvTransmitOwnPacket                   0x00001b5c   Section        0  cli-commands.o(i.prvTransmitOwnPacket)
    prvTransmitOwnPacket                     0x00001b5d   Thumb Code    80  cli-commands.o(i.prvTransmitOwnPacket)
    i.prvTransmitPing                        0x00001bb4   Section        0  cli-commands.o(i.prvTransmitPing)
    prvTransmitPing                          0x00001bb5   Thumb Code   242  cli-commands.o(i.prvTransmitPing)
    i.prvUnlockQueue                         0x00001cb0   Section        0  queue.o(i.prvUnlockQueue)
    prvUnlockQueue                           0x00001cb1   Thumb Code   126  queue.o(i.prvUnlockQueue)
    i.pvPortMalloc                           0x00001d30   Section        0  heap_4.o(i.pvPortMalloc)
    i.pvTaskIncrementMutexHeldCount          0x00001e6c   Section        0  tasks.o(i.pvTaskIncrementMutexHeldCount)
    i.pxPortInitialiseStack                  0x00001e8c   Section        0  port.o(i.pxPortInitialiseStack)
    i.test2                                  0x00001eb4   Section        0  main.o(i.test2)
    i.uxListRemove                           0x00001edc   Section        0  list.o(i.uxListRemove)
    i.vCommandConsoleTask                    0x00001f04   Section        0  clitask.o(i.vCommandConsoleTask)
    i.vListInitialise                        0x00001f40   Section        0  list.o(i.vListInitialise)
    i.vListInitialiseItem                    0x00001f5a   Section        0  list.o(i.vListInitialiseItem)
    i.vListInsert                            0x00001f60   Section        0  list.o(i.vListInsert)
    i.vListInsertEnd                         0x00001f94   Section        0  list.o(i.vListInsertEnd)
    i.vPortEnterCritical                     0x00001fac   Section        0  port.o(i.vPortEnterCritical)
    i.vPortExitCritical                      0x00002000   Section        0  port.o(i.vPortExitCritical)
    i.vPortFree                              0x0000203c   Section        0  heap_4.o(i.vPortFree)
    i.vPortSetupTimerInterrupt               0x000020d0   Section        0  port.o(i.vPortSetupTimerInterrupt)
    i.vPortValidateInterruptPriority         0x000020f0   Section        0  port.o(i.vPortValidateInterruptPriority)
    i.vRegisterCLICommands                   0x00002168   Section        0  cli-commands.o(i.vRegisterCLICommands)
    i.vStreamTask                            0x00002180   Section        0  streamtask.o(i.vStreamTask)
    i.vTaskDelay                             0x000021a4   Section        0  tasks.o(i.vTaskDelay)
    i.vTaskMissedYield                       0x00002230   Section        0  tasks.o(i.vTaskMissedYield)
    i.vTaskPlaceOnEventList                  0x0000223c   Section        0  tasks.o(i.vTaskPlaceOnEventList)
    i.vTaskPriorityInherit                   0x000022b8   Section        0  tasks.o(i.vTaskPriorityInherit)
    i.vTaskSetTimeOutState                   0x00002368   Section        0  tasks.o(i.vTaskSetTimeOutState)
    i.vTaskStartScheduler                    0x00002398   Section        0  tasks.o(i.vTaskStartScheduler)
    i.vTaskSuspend                           0x00002408   Section        0  tasks.o(i.vTaskSuspend)
    i.vTaskSuspendAll                        0x000024f0   Section        0  tasks.o(i.vTaskSuspendAll)
    i.vTaskSwitchContext                     0x00002500   Section        0  tasks.o(i.vTaskSwitchContext)
    i.xPortStartScheduler                    0x0000258c   Section        0  port.o(i.xPortStartScheduler)
    i.xQueueGenericCreate                    0x00002640   Section        0  queue.o(i.xQueueGenericCreate)
    i.xQueueGenericReceive                   0x000026c8   Section        0  queue.o(i.xQueueGenericReceive)
    i.xQueueGenericReset                     0x0000284c   Section        0  queue.o(i.xQueueGenericReset)
    i.xQueueGenericSendFromISR               0x000028ca   Section        0  queue.o(i.xQueueGenericSendFromISR)
    i.xTaskCheckForTimeOut                   0x000029bc   Section        0  tasks.o(i.xTaskCheckForTimeOut)
    i.xTaskGenericCreate                     0x00002a48   Section        0  tasks.o(i.xTaskGenericCreate)
    i.xTaskGetSchedulerState                 0x00002b9c   Section        0  tasks.o(i.xTaskGetSchedulerState)
    i.xTaskIncrementTick                     0x00002bbc   Section        0  tasks.o(i.xTaskIncrementTick)
    i.xTaskPriorityDisinherit                0x00002ccc   Section        0  tasks.o(i.xTaskPriorityDisinherit)
    i.xTaskRemoveFromEventList               0x00002d6c   Section        0  tasks.o(i.xTaskRemoveFromEventList)
    i.xTaskResumeAll                         0x00002e04   Section        0  tasks.o(i.xTaskResumeAll)
    i.xTaskResumeFromISR                     0x00002ef0   Section        0  tasks.o(i.xTaskResumeFromISR)
    locale$$code                             0x00002fa4   Section       44  lc_ctype_c.o(locale$$code)
    x$fpl$fpinit                             0x00002fd0   Section       10  fpinit.o(x$fpl$fpinit)
    $v0                                      0x00002fd0   Number         0  fpinit.o(x$fpl$fpinit)
    .constdata                               0x00002fdc   Section       32  cli-commands.o(.constdata)
    xPingICMP                                0x00002fdc   Data          16  cli-commands.o(.constdata)
    xOwnPacket                               0x00002fec   Data          16  cli-commands.o(.constdata)
    .constdata                               0x00002ffc   Section       16  freertos_cli.o(.constdata)
    xHelpCommand                             0x00002ffc   Data          16  freertos_cli.o(.constdata)
    .conststring                             0x0000300c   Section       88  cli-commands.o(.conststring)
    .conststring                             0x00003064   Section      221  freertos_cli.o(.conststring)
    locale$$data                             0x00003164   Section      272  lc_ctype_c.o(locale$$data)
    __lcctype_c_name                         0x00003168   Data           2  lc_ctype_c.o(locale$$data)
    __lcctype_c_start                        0x00003170   Data           0  lc_ctype_c.o(locale$$data)
    __lcctype_c_end                          0x00003274   Data           0  lc_ctype_c.o(locale$$data)
    .data                                    0x20000000   Section       56  tasks.o(.data)
    pxDelayedTaskList                        0x20000004   Data           4  tasks.o(.data)
    pxOverflowDelayedTaskList                0x20000008   Data           4  tasks.o(.data)
    uxTasksDeleted                           0x2000000c   Data           4  tasks.o(.data)
    uxCurrentNumberOfTasks                   0x20000010   Data           4  tasks.o(.data)
    xTickCount                               0x20000014   Data           4  tasks.o(.data)
    uxTopReadyPriority                       0x20000018   Data           4  tasks.o(.data)
    xSchedulerRunning                        0x2000001c   Data           4  tasks.o(.data)
    uxPendedTicks                            0x20000020   Data           4  tasks.o(.data)
    xYieldPending                            0x20000024   Data           4  tasks.o(.data)
    xNumOfOverflows                          0x20000028   Data           4  tasks.o(.data)
    uxTaskNumber                             0x2000002c   Data           4  tasks.o(.data)
    xNextTaskUnblockTime                     0x20000030   Data           4  tasks.o(.data)
    uxSchedulerSuspended                     0x20000034   Data           4  tasks.o(.data)
    .data                                    0x20000038   Section       12  port.o(.data)
    uxCriticalNesting                        0x20000038   Data           4  port.o(.data)
    ucMaxSysCallPriority                     0x2000003c   Data           1  port.o(.data)
    ulMaxPRIGROUPValue                       0x20000040   Data           4  port.o(.data)
    .data                                    0x20000044   Section       24  heap_4.o(.data)
    xStart                                   0x20000044   Data           8  heap_4.o(.data)
    pxEnd                                    0x2000004c   Data           4  heap_4.o(.data)
    xFreeBytesRemaining                      0x20000050   Data           4  heap_4.o(.data)
    xMinimumEverFreeBytesRemaining           0x20000054   Data           4  heap_4.o(.data)
    xBlockAllocatedBit                       0x20000058   Data           4  heap_4.o(.data)
    .data                                    0x2000005c   Section       16  main.o(.data)
    .data                                    0x2000006c   Section       76  enet.o(.data)
    txBufferIndex                            0x200000b6   Data           1  enet.o(.data)
    rxBufferIndex                            0x200000b7   Data           1  enet.o(.data)
    .data                                    0x200000b8   Section        4  phy.o(.data)
    phyAddr                                  0x200000b8   Data           4  phy.o(.data)
    .data                                    0x200000bc   Section       17  uart.o(.data)
    .data                                    0x200000d0   Section       24  freertos_cli.o(.data)
    xRegisteredCommands                      0x200000d0   Data           8  freertos_cli.o(.data)
    cOutputBuffer                            0x200000d8   Data           1  freertos_cli.o(.data)
    pxLastCommandInList                      0x200000dc   Data           4  freertos_cli.o(.data)
    pxCommand                                0x200000e0   Data           4  freertos_cli.o(.data)
    pxCommand                                0x200000e4   Data           4  freertos_cli.o(.data)
    .data                                    0x200000e8   Section        4  system_mk64f12.o(.data)
    .data                                    0x200000ec   Section        4  strtok.o(.data)
    _strtok_saves1                           0x200000ec   Data           4  strtok.o(.data)
    .bss                                     0x200000f0   Section      220  tasks.o(.bss)
    pxReadyTasksLists                        0x200000f0   Data         120  tasks.o(.bss)
    xDelayedTaskList1                        0x20000168   Data          20  tasks.o(.bss)
    xDelayedTaskList2                        0x2000017c   Data          20  tasks.o(.bss)
    xPendingReadyList                        0x20000190   Data          20  tasks.o(.bss)
    xTasksWaitingTermination                 0x200001a4   Data          20  tasks.o(.bss)
    xSuspendedTaskList                       0x200001b8   Data          20  tasks.o(.bss)
    .bss                                     0x200001cc   Section    16384  heap_4.o(.bss)
    ucHeap                                   0x200001cc   Data       16384  heap_4.o(.bss)
    .bss                                     0x200041d0   Section    14112  enet.o(.bss)
    txBuffer                                 0x200041d0   Data        4608  enet.o(.bss)
    rxBuffer                                 0x200053d0   Data        9216  enet.o(.bss)
    txBufferDesc                             0x200077d0   Data          96  enet.o(.bss)
    rxBufferDesc                             0x20007830   Data         192  enet.o(.bss)
    .bss                                     0x200078f0   Section      200  uart.o(.bss)
    .bss                                     0x200079b8   Section       96  libspace.o(.bss)
    HEAP                                     0x20007a18   Section        0  startup_mk64f12.o(HEAP)
    STACK                                    0x20007a18   Section     1024  startup_mk64f12.o(STACK)
    Heap_Mem                                 0x20007a18   Data           0  startup_mk64f12.o(HEAP)
    Stack_Mem                                0x20007a18   Data        1024  startup_mk64f12.o(STACK)
    __initial_sp                             0x20007e18   Data           0  startup_mk64f12.o(STACK)

    Global Symbols

    Symbol Name                              Value     Ov Type        Size  Object(Section)

    BuildAttributes$$THM_ISAv4$E$P$D$K$B$S$7EM$VFPi3$EXTD16$VFPS$VFMA$PE$A:L22UL41UL21$X:L11$S22US41US21$IEEE1$IW$USESV6$~STKCKD$USESV7$~SHL$OTIME$ROPI$EBA8$UX$STANDARDLIB$REQ8$PRES8$EABIv2 0x00000000   Number         0  anon$$obj.o ABSOLUTE
    __ARM_use_no_argv                        0x00000000   Number         0  main.o ABSOLUTE
    __Vectors                                0x00000000   Data           4  startup_mk64f12.o(RESET)
    __ARM_exceptions_init                     - Undefined Weak Reference
    __alloca_initialize                       - Undefined Weak Reference
    __arm_preinit_                            - Undefined Weak Reference
    __cpp_initialize__aeabi_                  - Undefined Weak Reference
    __cxa_finalize                            - Undefined Weak Reference
    __sigvec_lookup                           - Undefined Weak Reference
    __user_heap_extent                        - Undefined Weak Reference
    _atexit_init                              - Undefined Weak Reference
    _call_atexit_fns                          - Undefined Weak Reference
    _clock_init                               - Undefined Weak Reference
    _fp_trap_init                             - Undefined Weak Reference
    _fp_trap_shutdown                         - Undefined Weak Reference
    _get_lc_collate                           - Undefined Weak Reference
    _get_lc_monetary                          - Undefined Weak Reference
    _get_lc_numeric                           - Undefined Weak Reference
    _get_lc_time                              - Undefined Weak Reference
    _getenv_init                              - Undefined Weak Reference
    _handle_redirection                       - Undefined Weak Reference
    _initio                                   - Undefined Weak Reference
    _mutex_acquire                            - Undefined Weak Reference
    _mutex_free                               - Undefined Weak Reference
    _mutex_release                            - Undefined Weak Reference
    _rand_init                                - Undefined Weak Reference
    _signal_finish                            - Undefined Weak Reference
    _signal_init                              - Undefined Weak Reference
    _terminateio                              - Undefined Weak Reference
    __Vectors_End                            0x00000400   Data           0  startup_mk64f12.o(RESET)
    __Vectors_Size                           0x00000400   Number         0  startup_mk64f12.o ABSOLUTE
    __main                                   0x00000411   Thumb Code     8  __main.o(!!!main)
    __scatterload                            0x00000419   Thumb Code     0  __scatter.o(!!!scatter)
    __scatterload_rt2                        0x00000419   Thumb Code    44  __scatter.o(!!!scatter)
    __scatterload_rt2_thumb_only             0x00000419   Thumb Code     0  __scatter.o(!!!scatter)
    __scatterload_null                       0x00000427   Thumb Code     0  __scatter.o(!!!scatter)
    __scatterload_copy                       0x0000044d   Thumb Code    26  __scatter_copy.o(!!handler_copy)
    __scatterload_zeroinit                   0x00000469   Thumb Code    28  __scatter_zi.o(!!handler_zi)
    __rt_lib_init                            0x00000485   Thumb Code     0  libinit.o(.ARM.Collect$$libinit$$00000000)
    __rt_lib_init_fp_1                       0x00000487   Thumb Code     0  libinit2.o(.ARM.Collect$$libinit$$00000001)
    __rt_lib_init_heap_1                     0x0000048b   Thumb Code     0  libinit2.o(.ARM.Collect$$libinit$$0000000A)
    __rt_lib_init_lc_common                  0x0000048b   Thumb Code     0  libinit2.o(.ARM.Collect$$libinit$$0000000F)
    __rt_lib_init_preinit_1                  0x0000048b   Thumb Code     0  libinit2.o(.ARM.Collect$$libinit$$00000004)
    __rt_lib_init_rand_1                     0x0000048b   Thumb Code     0  libinit2.o(.ARM.Collect$$libinit$$0000000E)
    __rt_lib_init_user_alloc_1               0x0000048b   Thumb Code     0  libinit2.o(.ARM.Collect$$libinit$$0000000C)
    __rt_lib_init_lc_collate_1               0x00000491   Thumb Code     0  libinit2.o(.ARM.Collect$$libinit$$00000011)
    __rt_lib_init_lc_ctype_2                 0x00000491   Thumb Code     0  libinit2.o(.ARM.Collect$$libinit$$00000012)
    __rt_lib_init_alloca_1                   0x0000049d   Thumb Code     0  libinit2.o(.ARM.Collect$$libinit$$0000002E)
    __rt_lib_init_argv_1                     0x0000049d   Thumb Code     0  libinit2.o(.ARM.Collect$$libinit$$0000002C)
    __rt_lib_init_atexit_1                   0x0000049d   Thumb Code     0  libinit2.o(.ARM.Collect$$libinit$$0000001B)
    __rt_lib_init_clock_1                    0x0000049d   Thumb Code     0  libinit2.o(.ARM.Collect$$libinit$$00000021)
    __rt_lib_init_cpp_1                      0x0000049d   Thumb Code     0  libinit2.o(.ARM.Collect$$libinit$$00000032)
    __rt_lib_init_exceptions_1               0x0000049d   Thumb Code     0  libinit2.o(.ARM.Collect$$libinit$$00000030)
    __rt_lib_init_fp_trap_1                  0x0000049d   Thumb Code     0  libinit2.o(.ARM.Collect$$libinit$$0000001F)
    __rt_lib_init_getenv_1                   0x0000049d   Thumb Code     0  libinit2.o(.ARM.Collect$$libinit$$00000023)
    __rt_lib_init_lc_ctype_1                 0x0000049d   Thumb Code     0  libinit2.o(.ARM.Collect$$libinit$$00000013)
    __rt_lib_init_lc_monetary_1              0x0000049d   Thumb Code     0  libinit2.o(.ARM.Collect$$libinit$$00000015)
    __rt_lib_init_lc_numeric_1               0x0000049d   Thumb Code     0  libinit2.o(.ARM.Collect$$libinit$$00000017)
    __rt_lib_init_lc_time_1                  0x0000049d   Thumb Code     0  libinit2.o(.ARM.Collect$$libinit$$00000019)
    __rt_lib_init_return                     0x0000049d   Thumb Code     0  libinit2.o(.ARM.Collect$$libinit$$00000033)
    __rt_lib_init_signal_1                   0x0000049d   Thumb Code     0  libinit2.o(.ARM.Collect$$libinit$$0000001D)
    __rt_lib_init_stdio_1                    0x0000049d   Thumb Code     0  libinit2.o(.ARM.Collect$$libinit$$00000025)
    __rt_lib_shutdown                        0x0000049f   Thumb Code     0  libshutdown.o(.ARM.Collect$$libshutdown$$00000000)
    __rt_lib_shutdown_fp_trap_1              0x000004a1   Thumb Code     0  libshutdown2.o(.ARM.Collect$$libshutdown$$00000006)
    __rt_lib_shutdown_heap_1                 0x000004a1   Thumb Code     0  libshutdown2.o(.ARM.Collect$$libshutdown$$0000000E)
    __rt_lib_shutdown_return                 0x000004a1   Thumb Code     0  libshutdown2.o(.ARM.Collect$$libshutdown$$0000000F)
    __rt_lib_shutdown_signal_1               0x000004a1   Thumb Code     0  libshutdown2.o(.ARM.Collect$$libshutdown$$00000009)
    __rt_lib_shutdown_stdio_1                0x000004a1   Thumb Code     0  libshutdown2.o(.ARM.Collect$$libshutdown$$00000003)
    __rt_lib_shutdown_user_alloc_1           0x000004a1   Thumb Code     0  libshutdown2.o(.ARM.Collect$$libshutdown$$0000000B)
    __rt_entry                               0x000004a3   Thumb Code     0  __rtentry.o(.ARM.Collect$$rtentry$$00000000)
    __rt_entry_presh_1                       0x000004a3   Thumb Code     0  __rtentry2.o(.ARM.Collect$$rtentry$$00000002)
    __rt_entry_sh                            0x000004a3   Thumb Code     0  __rtentry4.o(.ARM.Collect$$rtentry$$00000004)
    __rt_entry_li                            0x000004a9   Thumb Code     0  __rtentry2.o(.ARM.Collect$$rtentry$$0000000A)
    __rt_entry_postsh_1                      0x000004a9   Thumb Code     0  __rtentry2.o(.ARM.Collect$$rtentry$$00000009)
    __rt_entry_main                          0x000004ad   Thumb Code     0  __rtentry2.o(.ARM.Collect$$rtentry$$0000000D)
    __rt_entry_postli_1                      0x000004ad   Thumb Code     0  __rtentry2.o(.ARM.Collect$$rtentry$$0000000C)
    __rt_exit                                0x000004b5   Thumb Code     0  rtexit.o(.ARM.Collect$$rtexit$$00000000)
    __rt_exit_ls                             0x000004b7   Thumb Code     0  rtexit2.o(.ARM.Collect$$rtexit$$00000003)
    __rt_exit_prels_1                        0x000004b7   Thumb Code     0  rtexit2.o(.ARM.Collect$$rtexit$$00000002)
    __rt_exit_exit                           0x000004bb   Thumb Code     0  rtexit2.o(.ARM.Collect$$rtexit$$00000004)
    SVC_Handler                              0x000004c1   Thumb Code    28  port.o(.emb_text)
    __asm___6_port_c_39a90d8d__prvStartFirstTask 0x000004e1   Thumb Code    28  port.o(.emb_text)
    __asm___6_port_c_39a90d8d__prvEnableVFP  0x00000501   Thumb Code    16  port.o(.emb_text)
    PendSV_Handler                           0x00000515   Thumb Code    90  port.o(.emb_text)
    vPortGetIPSR                             0x00000575   Thumb Code     6  port.o(.emb_text)
    init_data_bss                            0x0000057d   Thumb Code     2  startup_mk64f12.o(.text)
    Reset_Handler                            0x0000057f   Thumb Code    12  startup_mk64f12.o(.text)
    NMI_Handler                              0x0000058b   Thumb Code     2  startup_mk64f12.o(.text)
    HardFault_Handler                        0x0000058d   Thumb Code     2  startup_mk64f12.o(.text)
    MemManage_Handler                        0x0000058f   Thumb Code     2  startup_mk64f12.o(.text)
    BusFault_Handler                         0x00000591   Thumb Code     2  startup_mk64f12.o(.text)
    UsageFault_Handler                       0x00000593   Thumb Code     2  startup_mk64f12.o(.text)
    DebugMon_Handler                         0x00000597   Thumb Code     2  startup_mk64f12.o(.text)
    ADC0_IRQHandler                          0x0000059d   Thumb Code     0  startup_mk64f12.o(.text)
    ADC1_IRQHandler                          0x0000059d   Thumb Code     0  startup_mk64f12.o(.text)
    CAN0_Bus_Off_IRQHandler                  0x0000059d   Thumb Code     0  startup_mk64f12.o(.text)
    CAN0_Error_IRQHandler                    0x0000059d   Thumb Code     0  startup_mk64f12.o(.text)
    CAN0_ORed_Message_buffer_IRQHandler      0x0000059d   Thumb Code     0  startup_mk64f12.o(.text)
    CAN0_Rx_Warning_IRQHandler               0x0000059d   Thumb Code     0  startup_mk64f12.o(.text)
    CAN0_Tx_Warning_IRQHandler               0x0000059d   Thumb Code     0  startup_mk64f12.o(.text)
    CAN0_Wake_Up_IRQHandler                  0x0000059d   Thumb Code     0  startup_mk64f12.o(.text)
    CMP0_IRQHandler                          0x0000059d   Thumb Code     0  startup_mk64f12.o(.text)
    CMP1_IRQHandler                          0x0000059d   Thumb Code     0  startup_mk64f12.o(.text)
    CMP2_IRQHandler                          0x0000059d   Thumb Code     0  startup_mk64f12.o(.text)
    CMT_IRQHandler                           0x0000059d   Thumb Code     0  startup_mk64f12.o(.text)
    DAC0_IRQHandler                          0x0000059d   Thumb Code     0  startup_mk64f12.o(.text)
    DAC1_IRQHandler                          0x0000059d   Thumb Code     0  startup_mk64f12.o(.text)
    DMA0_IRQHandler                          0x0000059d   Thumb Code     0  startup_mk64f12.o(.text)
    DMA10_IRQHandler                         0x0000059d   Thumb Code     0  startup_mk64f12.o(.text)
    DMA11_IRQHandler                         0x0000059d   Thumb Code     0  startup_mk64f12.o(.text)
    DMA12_IRQHandler                         0x0000059d   Thumb Code     0  startup_mk64f12.o(.text)
    DMA13_IRQHandler                         0x0000059d   Thumb Code     0  startup_mk64f12.o(.text)
    DMA14_IRQHandler                         0x0000059d   Thumb Code     0  startup_mk64f12.o(.text)
    DMA15_IRQHandler                         0x0000059d   Thumb Code     0  startup_mk64f12.o(.text)
    DMA1_IRQHandler                          0x0000059d   Thumb Code     0  startup_mk64f12.o(.text)
    DMA2_IRQHandler                          0x0000059d   Thumb Code     0  startup_mk64f12.o(.text)
    DMA3_IRQHandler                          0x0000059d   Thumb Code     0  startup_mk64f12.o(.text)
    DMA4_IRQHandler                          0x0000059d   Thumb Code     0  startup_mk64f12.o(.text)
    DMA5_IRQHandler                          0x0000059d   Thumb Code     0  startup_mk64f12.o(.text)
    DMA6_IRQHandler                          0x0000059d   Thumb Code     0  startup_mk64f12.o(.text)
    DMA7_IRQHandler                          0x0000059d   Thumb Code     0  startup_mk64f12.o(.text)
    DMA8_IRQHandler                          0x0000059d   Thumb Code     0  startup_mk64f12.o(.text)
    DMA9_IRQHandler                          0x0000059d   Thumb Code     0  startup_mk64f12.o(.text)
    DMA_Error_IRQHandler                     0x0000059d   Thumb Code     0  startup_mk64f12.o(.text)
    DefaultISR                               0x0000059d   Thumb Code     0  startup_mk64f12.o(.text)
    ENET_1588_Timer_IRQHandler               0x0000059d   Thumb Code     0  startup_mk64f12.o(.text)
    ENET_Error_IRQHandler                    0x0000059d   Thumb Code     0  startup_mk64f12.o(.text)
    ENET_Receive_IRQHandler                  0x0000059d   Thumb Code     0  startup_mk64f12.o(.text)
    ENET_Transmit_IRQHandler                 0x0000059d   Thumb Code     0  startup_mk64f12.o(.text)
    FTFE_IRQHandler                          0x0000059d   Thumb Code     0  startup_mk64f12.o(.text)
    FTM0_IRQHandler                          0x0000059d   Thumb Code     0  startup_mk64f12.o(.text)
    FTM1_IRQHandler                          0x0000059d   Thumb Code     0  startup_mk64f12.o(.text)
    FTM2_IRQHandler                          0x0000059d   Thumb Code     0  startup_mk64f12.o(.text)
    FTM3_IRQHandler                          0x0000059d   Thumb Code     0  startup_mk64f12.o(.text)
    I2C0_IRQHandler                          0x0000059d   Thumb Code     0  startup_mk64f12.o(.text)
    I2C1_IRQHandler                          0x0000059d   Thumb Code     0  startup_mk64f12.o(.text)
    I2C2_IRQHandler                          0x0000059d   Thumb Code     0  startup_mk64f12.o(.text)
    I2S0_Rx_IRQHandler                       0x0000059d   Thumb Code     0  startup_mk64f12.o(.text)
    I2S0_Tx_IRQHandler                       0x0000059d   Thumb Code     0  startup_mk64f12.o(.text)
    LLW_IRQHandler                           0x0000059d   Thumb Code     0  startup_mk64f12.o(.text)
    LPTimer_IRQHandler                       0x0000059d   Thumb Code     0  startup_mk64f12.o(.text)
    LVD_LVW_IRQHandler                       0x0000059d   Thumb Code     0  startup_mk64f12.o(.text)
    MCG_IRQHandler                           0x0000059d   Thumb Code     0  startup_mk64f12.o(.text)
    MCM_IRQHandler                           0x0000059d   Thumb Code     0  startup_mk64f12.o(.text)
    PDB0_IRQHandler                          0x0000059d   Thumb Code     0  startup_mk64f12.o(.text)
    PIT0_IRQHandler                          0x0000059d   Thumb Code     0  startup_mk64f12.o(.text)
    PIT1_IRQHandler                          0x0000059d   Thumb Code     0  startup_mk64f12.o(.text)
    PIT2_IRQHandler                          0x0000059d   Thumb Code     0  startup_mk64f12.o(.text)
    PIT3_IRQHandler                          0x0000059d   Thumb Code     0  startup_mk64f12.o(.text)
    PORTA_IRQHandler                         0x0000059d   Thumb Code     0  startup_mk64f12.o(.text)
    PORTB_IRQHandler                         0x0000059d   Thumb Code     0  startup_mk64f12.o(.text)
    PORTC_IRQHandler                         0x0000059d   Thumb Code     0  startup_mk64f12.o(.text)
    PORTD_IRQHandler                         0x0000059d   Thumb Code     0  startup_mk64f12.o(.text)
    PORTE_IRQHandler                         0x0000059d   Thumb Code     0  startup_mk64f12.o(.text)
    RNG_IRQHandler                           0x0000059d   Thumb Code     0  startup_mk64f12.o(.text)
    RTC_IRQHandler                           0x0000059d   Thumb Code     0  startup_mk64f12.o(.text)
    RTC_Seconds_IRQHandler                   0x0000059d   Thumb Code     0  startup_mk64f12.o(.text)
    Read_Collision_IRQHandler                0x0000059d   Thumb Code     0  startup_mk64f12.o(.text)
    Reserved71_IRQHandler                    0x0000059d   Thumb Code     0  startup_mk64f12.o(.text)
    SDHC_IRQHandler                          0x0000059d   Thumb Code     0  startup_mk64f12.o(.text)
    SPI0_IRQHandler                          0x0000059d   Thumb Code     0  startup_mk64f12.o(.text)
    SPI1_IRQHandler                          0x0000059d   Thumb Code     0  startup_mk64f12.o(.text)
    SPI2_IRQHandler                          0x0000059d   Thumb Code     0  startup_mk64f12.o(.text)
    SWI_IRQHandler                           0x0000059d   Thumb Code     0  startup_mk64f12.o(.text)
    UART0_ERR_IRQHandler                     0x0000059d   Thumb Code     0  startup_mk64f12.o(.text)
    UART0_LON_IRQHandler                     0x0000059d   Thumb Code     0  startup_mk64f12.o(.text)
    UART1_ERR_IRQHandler                     0x0000059d   Thumb Code     0  startup_mk64f12.o(.text)
    UART1_RX_TX_IRQHandler                   0x0000059d   Thumb Code     0  startup_mk64f12.o(.text)
    UART2_ERR_IRQHandler                     0x0000059d   Thumb Code     0  startup_mk64f12.o(.text)
    UART2_RX_TX_IRQHandler                   0x0000059d   Thumb Code     0  startup_mk64f12.o(.text)
    UART3_ERR_IRQHandler                     0x0000059d   Thumb Code     0  startup_mk64f12.o(.text)
    UART3_RX_TX_IRQHandler                   0x0000059d   Thumb Code     0  startup_mk64f12.o(.text)
    UART4_ERR_IRQHandler                     0x0000059d   Thumb Code     0  startup_mk64f12.o(.text)
    UART4_RX_TX_IRQHandler                   0x0000059d   Thumb Code     0  startup_mk64f12.o(.text)
    UART5_ERR_IRQHandler                     0x0000059d   Thumb Code     0  startup_mk64f12.o(.text)
    UART5_RX_TX_IRQHandler                   0x0000059d   Thumb Code     0  startup_mk64f12.o(.text)
    USB0_IRQHandler                          0x0000059d   Thumb Code     0  startup_mk64f12.o(.text)
    USBDCD_IRQHandler                        0x0000059d   Thumb Code     0  startup_mk64f12.o(.text)
    Watchdog_IRQHandler                      0x0000059d   Thumb Code     0  startup_mk64f12.o(.text)
    __user_initial_stackheap                 0x000005a1   Thumb Code     0  startup_mk64f12.o(.text)
    atoi                                     0x000005c5   Thumb Code    26  atoi.o(.text)
    strtok                                   0x000005e1   Thumb Code     6  strtok.o(.text)
    strlen                                   0x000005ed   Thumb Code    62  strlen.o(.text)
    strncmp                                  0x0000062b   Thumb Code   150  strncmp.o(.text)
    __aeabi_memcpy                           0x000006c1   Thumb Code     0  rt_memcpy_v6.o(.text)
    __rt_memcpy                              0x000006c1   Thumb Code   138  rt_memcpy_v6.o(.text)
    _memcpy_lastbytes                        0x00000727   Thumb Code     0  rt_memcpy_v6.o(.text)
    __aeabi_memset                           0x0000074b   Thumb Code    16  aeabi_memset.o(.text)
    __aeabi_memclr                           0x0000075b   Thumb Code     0  rt_memclr.o(.text)
    __rt_memclr                              0x0000075b   Thumb Code    68  rt_memclr.o(.text)
    _memset                                  0x0000075f   Thumb Code     0  rt_memclr.o(.text)
    __aeabi_memclr4                          0x0000079f   Thumb Code     0  rt_memclr_w.o(.text)
    __aeabi_memclr8                          0x0000079f   Thumb Code     0  rt_memclr_w.o(.text)
    __rt_memclr_w                            0x0000079f   Thumb Code    78  rt_memclr_w.o(.text)
    _memset_w                                0x000007a3   Thumb Code     0  rt_memclr_w.o(.text)
    strncpy                                  0x000007ed   Thumb Code    86  strncpy.o(.text)
    __use_two_region_memory                  0x00000843   Thumb Code     2  heapauxi.o(.text)
    __rt_heap_escrow                         0x00000845   Thumb Code     2  heapauxi.o(.text)
    __rt_heap_expand                         0x00000847   Thumb Code     2  heapauxi.o(.text)
    __aeabi_errno_addr                       0x00000849   Thumb Code     8  rt_errno_addr_intlibspace.o(.text)
    __errno$intlibspace                      0x00000849   Thumb Code     0  rt_errno_addr_intlibspace.o(.text)
    __rt_errno_addr$intlibspace              0x00000849   Thumb Code     0  rt_errno_addr_intlibspace.o(.text)
    strtol                                   0x00000851   Thumb Code   112  strtol.o(.text)
    __strtok_internal                        0x000008c1   Thumb Code    64  strtok_int.o(.text)
    __aeabi_memcpy4                          0x00000905   Thumb Code     0  rt_memcpy_w.o(.text)
    __aeabi_memcpy8                          0x00000905   Thumb Code     0  rt_memcpy_w.o(.text)
    __rt_memcpy_w                            0x00000905   Thumb Code   100  rt_memcpy_w.o(.text)
    _memcpy_lastbytes_aligned                0x0000094d   Thumb Code     0  rt_memcpy_w.o(.text)
    __user_libspace                          0x00000969   Thumb Code     8  libspace.o(.text)
    __user_perproc_libspace                  0x00000969   Thumb Code     0  libspace.o(.text)
    __user_perthread_libspace                0x00000969   Thumb Code     0  libspace.o(.text)
    __rt_ctype_table                         0x00000971   Thumb Code    16  rt_ctype_table.o(.text)
    _strtoul                                 0x00000981   Thumb Code   158  _strtoul.o(.text)
    strcspn                                  0x00000a1f   Thumb Code    32  strcspn.o(.text)
    strspn                                   0x00000a3f   Thumb Code    28  strspn.o(.text)
    __I$use$semihosting                      0x00000a5b   Thumb Code     0  use_no_semi.o(.text)
    __use_no_semihosting_swi                 0x00000a5b   Thumb Code     2  use_no_semi.o(.text)
    __semihosting_library_function           0x00000a5d   Thumb Code     0  indicate_semi.o(.text)
    __user_setup_stackheap                   0x00000a5d   Thumb Code    74  sys_stackheap_outer.o(.text)
    __rt_locale                              0x00000aa9   Thumb Code     8  rt_locale_intlibspace.o(.text)
    _chval                                   0x00000ab1   Thumb Code    28  _chval.o(.text)
    exit                                     0x00000acd   Thumb Code    12  exit.o(.text)
    _sys_exit                                0x00000ad9   Thumb Code     8  sys_exit.o(.text)
    strcmp                                   0x00000ae5   Thumb Code   128  strcmpv7m.o(.text)
    FreeRTOS_CLIGetParameter                 0x00000b65   Thumb Code    92  freertos_cli.o(i.FreeRTOS_CLIGetParameter)
    FreeRTOS_CLIProcessCommand               0x00000bc1   Thumb Code   200  freertos_cli.o(i.FreeRTOS_CLIProcessCommand)
    FreeRTOS_CLIRegisterCommand              0x00000c99   Thumb Code    94  freertos_cli.o(i.FreeRTOS_CLIRegisterCommand)
    GPIO_Init                                0x00000cfd   Thumb Code    22  enet.o(i.GPIO_Init)
    MAC_DescInit                             0x00000d19   Thumb Code   248  enet.o(i.MAC_DescInit)
    MAC_SetAddress                           0x00000e31   Thumb Code    76  enet.o(i.MAC_SetAddress)
    PHY_AddressDiscover                      0x00000ea3   Thumb Code    60  phy.o(i.PHY_AddressDiscover)
    PHY_Init                                 0x00000ee1   Thumb Code    18  phy.o(i.PHY_Init)
    PHY_Read                                 0x00000efd   Thumb Code    70  phy.o(i.PHY_Read)
    PHY_Write                                0x00000f49   Thumb Code    66  phy.o(i.PHY_Write)
    SIM_Init                                 0x00000f91   Thumb Code    24  enet.o(i.SIM_Init)
    SendRaw                                  0x00000fad   Thumb Code    88  enet.o(i.SendRaw)
    SysTick_Handler                          0x00001015   Thumb Code    48  port.o(i.SysTick_Handler)
    SystemInit                               0x00001049   Thumb Code   214  system_mk64f12.o(i.SystemInit)
    UART0_RX_TX_IRQHandler                   0x00001141   Thumb Code   154  uart.o(i.UART0_RX_TX_IRQHandler)
    UART_Init                                0x000011fd   Thumb Code   430  uart.o(i.UART_Init)
    abc                                      0x000013dd   Thumb Code    24  main.o(i.abc)
    enet_init                                0x000013f9   Thumb Code   172  enet.o(i.enet_init)
    enet_start_mii                           0x000014b9   Thumb Code    42  phy.o(i.enet_start_mii)
    main                                     0x000014e9   Thumb Code   312  main.o(i.main)
    pvPortMalloc                             0x00001d31   Thumb Code   296  heap_4.o(i.pvPortMalloc)
    pvTaskIncrementMutexHeldCount            0x00001e6d   Thumb Code    26  tasks.o(i.pvTaskIncrementMutexHeldCount)
    pxPortInitialiseStack                    0x00001e8d   Thumb Code    34  port.o(i.pxPortInitialiseStack)
    test2                                    0x00001eb5   Thumb Code    30  main.o(i.test2)
    uxListRemove                             0x00001edd   Thumb Code    40  list.o(i.uxListRemove)
    vCommandConsoleTask                      0x00001f05   Thumb Code    56  clitask.o(i.vCommandConsoleTask)
    vListInitialise                          0x00001f41   Thumb Code    26  list.o(i.vListInitialise)
    vListInitialiseItem                      0x00001f5b   Thumb Code     6  list.o(i.vListInitialiseItem)
    vListInsert                              0x00001f61   Thumb Code    52  list.o(i.vListInsert)
    vListInsertEnd                           0x00001f95   Thumb Code    24  list.o(i.vListInsertEnd)
    vPortEnterCritical                       0x00001fad   Thumb Code    76  port.o(i.vPortEnterCritical)
    vPortExitCritical                        0x00002001   Thumb Code    56  port.o(i.vPortExitCritical)
    vPortFree                                0x0000203d   Thumb Code   140  heap_4.o(i.vPortFree)
    vPortSetupTimerInterrupt                 0x000020d1   Thumb Code    26  port.o(i.vPortSetupTimerInterrupt)
    vPortValidateInterruptPriority           0x000020f1   Thumb Code   106  port.o(i.vPortValidateInterruptPriority)
    vRegisterCLICommands                     0x00002169   Thumb Code    16  cli-commands.o(i.vRegisterCLICommands)
    vStreamTask                              0x00002181   Thumb Code    30  streamtask.o(i.vStreamTask)
    vTaskDelay                               0x000021a5   Thumb Code   120  tasks.o(i.vTaskDelay)
    vTaskMissedYield                         0x00002231   Thumb Code     8  tasks.o(i.vTaskMissedYield)
    vTaskPlaceOnEventList                    0x0000223d   Thumb Code   108  tasks.o(i.vTaskPlaceOnEventList)
    vTaskPriorityInherit                     0x000022b9   Thumb Code   164  tasks.o(i.vTaskPriorityInherit)
    vTaskSetTimeOutState                     0x00002369   Thumb Code    38  tasks.o(i.vTaskSetTimeOutState)
    vTaskStartScheduler                      0x00002399   Thumb Code    92  tasks.o(i.vTaskStartScheduler)
    vTaskSuspend                             0x00002409   Thumb Code   198  tasks.o(i.vTaskSuspend)
    vTaskSuspendAll                          0x000024f1   Thumb Code    12  tasks.o(i.vTaskSuspendAll)
    vTaskSwitchContext                       0x00002501   Thumb Code   118  tasks.o(i.vTaskSwitchContext)
    xPortStartScheduler                      0x0000258d   Thumb Code   156  port.o(i.xPortStartScheduler)
    xQueueGenericCreate                      0x00002641   Thumb Code   136  queue.o(i.xQueueGenericCreate)
    xQueueGenericReceive                     0x000026c9   Thumb Code   384  queue.o(i.xQueueGenericReceive)
    xQueueGenericReset                       0x0000284d   Thumb Code   126  queue.o(i.xQueueGenericReset)
    xQueueGenericSendFromISR                 0x000028cb   Thumb Code   240  queue.o(i.xQueueGenericSendFromISR)
    xTaskCheckForTimeOut                     0x000029bd   Thumb Code   132  tasks.o(i.xTaskCheckForTimeOut)
    xTaskGenericCreate                       0x00002a49   Thumb Code   314  tasks.o(i.xTaskGenericCreate)
    xTaskGetSchedulerState                   0x00002b9d   Thumb Code    24  tasks.o(i.xTaskGetSchedulerState)
    xTaskIncrementTick                       0x00002bbd   Thumb Code   234  tasks.o(i.xTaskIncrementTick)
    xTaskPriorityDisinherit                  0x00002ccd   Thumb Code   150  tasks.o(i.xTaskPriorityDisinherit)
    xTaskRemoveFromEventList                 0x00002d6d   Thumb Code   128  tasks.o(i.xTaskRemoveFromEventList)
    xTaskResumeAll                           0x00002e05   Thumb Code   204  tasks.o(i.xTaskResumeAll)
    xTaskResumeFromISR                       0x00002ef1   Thumb Code   160  tasks.o(i.xTaskResumeFromISR)
    _get_lc_ctype                            0x00002fa5   Thumb Code    44  lc_ctype_c.o(locale$$code)
    _fp_init                                 0x00002fd1   Thumb Code    10  fpinit.o(x$fpl$fpinit)
    __fplib_config_fpu_vfp                   0x00002fd9   Thumb Code     0  fpinit.o(x$fpl$fpinit)
    __fplib_config_pureend_doubles           0x00002fd9   Thumb Code     0  fpinit.o(x$fpl$fpinit)
    Region$$Table$$Base                      0x00003144   Number         0  anon$$obj.o(Region$$Table)
    Region$$Table$$Limit                     0x00003164   Number         0  anon$$obj.o(Region$$Table)
    __ctype                                  0x00003171   Data           0  lc_ctype_c.o(locale$$data)
    pxCurrentTCB                             0x20000000   Data           4  tasks.o(.data)
    UartQueue                                0x2000005c   Data           4  main.o(.data)
    CliTaskHandler                           0x20000060   Data           4  main.o(.data)
    StreamReceivedTaskHandler                0x20000064   Data           4  main.o(.data)
    DataStreamSemaphore                      0x20000068   Data           4  main.o(.data)
    ping                                     0x2000006c   Data          74  enet.o(.data)
    RxDATA                                   0x200000bc   Data           8  uart.o(.data)
    RxSTREAM                                 0x200000c4   Data           8  uart.o(.data)
    is_stream                                0x200000cc   Data           1  uart.o(.data)
    SystemCoreClock                          0x200000e8   Data           4  system_mk64f12.o(.data)
    RxBuff                                   0x200078f0   Data         100  uart.o(.bss)
    RxStreamBuff                             0x20007954   Data         100  uart.o(.bss)
    __libspace_start                         0x200079b8   Data          96  libspace.o(.bss)
    __temporary_stack_top$libspace           0x20007a18   Data           0  libspace.o(.bss)



==============================================================================

Memory Map of the image

  Image Entry point : 0x0000057f

  Load Region LR_1 (Base: 0x00000000, Size: 0x00003364, Max: 0xffffffff, ABSOLUTE)

    Execution Region ER_RO (Base: 0x00000000, Size: 0x00003274, Max: 0xffffffff, ABSOLUTE)

    Base Addr    Size         Type   Attr      Idx    E Section Name        Object

    0x00000000   0x00000400   Data   RO         1206    RESET               startup_mk64f12.o
    0x00000400   0x00000010   Code   RO         1207    .ARM.__at_0x400     startup_mk64f12.o
    0x00000410   0x00000008   Code   RO         1333  * !!!main             c_w.l(__main.o)
    0x00000418   0x00000034   Code   RO         1570    !!!scatter          c_w.l(__scatter.o)
    0x0000044c   0x0000001a   Code   RO         1572    !!handler_copy      c_w.l(__scatter_copy.o)
    0x00000466   0x00000002   PAD
    0x00000468   0x0000001c   Code   RO         1574    !!handler_zi        c_w.l(__scatter_zi.o)
    0x00000484   0x00000002   Code   RO         1508    .ARM.Collect$$libinit$$00000000  c_w.l(libinit.o)
    0x00000486   0x00000004   Code   RO         1382    .ARM.Collect$$libinit$$00000001  c_w.l(libinit2.o)
    0x0000048a   0x00000000   Code   RO         1385    .ARM.Collect$$libinit$$00000004  c_w.l(libinit2.o)
    0x0000048a   0x00000000   Code   RO         1388    .ARM.Collect$$libinit$$0000000A  c_w.l(libinit2.o)
    0x0000048a   0x00000000   Code   RO         1390    .ARM.Collect$$libinit$$0000000C  c_w.l(libinit2.o)
    0x0000048a   0x00000000   Code   RO         1392    .ARM.Collect$$libinit$$0000000E  c_w.l(libinit2.o)
    0x0000048a   0x00000006   Code   RO         1393    .ARM.Collect$$libinit$$0000000F  c_w.l(libinit2.o)
    0x00000490   0x00000000   Code   RO         1395    .ARM.Collect$$libinit$$00000011  c_w.l(libinit2.o)
    0x00000490   0x0000000c   Code   RO         1396    .ARM.Collect$$libinit$$00000012  c_w.l(libinit2.o)
    0x0000049c   0x00000000   Code   RO         1397    .ARM.Collect$$libinit$$00000013  c_w.l(libinit2.o)
    0x0000049c   0x00000000   Code   RO         1399    .ARM.Collect$$libinit$$00000015  c_w.l(libinit2.o)
    0x0000049c   0x00000000   Code   RO         1401    .ARM.Collect$$libinit$$00000017  c_w.l(libinit2.o)
    0x0000049c   0x00000000   Code   RO         1403    .ARM.Collect$$libinit$$00000019  c_w.l(libinit2.o)
    0x0000049c   0x00000000   Code   RO         1405    .ARM.Collect$$libinit$$0000001B  c_w.l(libinit2.o)
    0x0000049c   0x00000000   Code   RO         1407    .ARM.Collect$$libinit$$0000001D  c_w.l(libinit2.o)
    0x0000049c   0x00000000   Code   RO         1409    .ARM.Collect$$libinit$$0000001F  c_w.l(libinit2.o)
    0x0000049c   0x00000000   Code   RO         1411    .ARM.Collect$$libinit$$00000021  c_w.l(libinit2.o)
    0x0000049c   0x00000000   Code   RO         1413    .ARM.Collect$$libinit$$00000023  c_w.l(libinit2.o)
    0x0000049c   0x00000000   Code   RO         1415    .ARM.Collect$$libinit$$00000025  c_w.l(libinit2.o)
    0x0000049c   0x00000000   Code   RO         1419    .ARM.Collect$$libinit$$0000002C  c_w.l(libinit2.o)
    0x0000049c   0x00000000   Code   RO         1421    .ARM.Collect$$libinit$$0000002E  c_w.l(libinit2.o)
    0x0000049c   0x00000000   Code   RO         1423    .ARM.Collect$$libinit$$00000030  c_w.l(libinit2.o)
    0x0000049c   0x00000000   Code   RO         1425    .ARM.Collect$$libinit$$00000032  c_w.l(libinit2.o)
    0x0000049c   0x00000002   Code   RO         1426    .ARM.Collect$$libinit$$00000033  c_w.l(libinit2.o)
    0x0000049e   0x00000002   Code   RO         1567    .ARM.Collect$$libshutdown$$00000000  c_w.l(libshutdown.o)
    0x000004a0   0x00000000   Code   RO         1525    .ARM.Collect$$libshutdown$$00000003  c_w.l(libshutdown2.o)
    0x000004a0   0x00000000   Code   RO         1528    .ARM.Collect$$libshutdown$$00000006  c_w.l(libshutdown2.o)
    0x000004a0   0x00000000   Code   RO         1531    .ARM.Collect$$libshutdown$$00000009  c_w.l(libshutdown2.o)
    0x000004a0   0x00000000   Code   RO         1533    .ARM.Collect$$libshutdown$$0000000B  c_w.l(libshutdown2.o)
    0x000004a0   0x00000000   Code   RO         1536    .ARM.Collect$$libshutdown$$0000000E  c_w.l(libshutdown2.o)
    0x000004a0   0x00000002   Code   RO         1537    .ARM.Collect$$libshutdown$$0000000F  c_w.l(libshutdown2.o)
    0x000004a2   0x00000000   Code   RO         1337    .ARM.Collect$$rtentry$$00000000  c_w.l(__rtentry.o)
    0x000004a2   0x00000000   Code   RO         1433    .ARM.Collect$$rtentry$$00000002  c_w.l(__rtentry2.o)
    0x000004a2   0x00000006   Code   RO         1445    .ARM.Collect$$rtentry$$00000004  c_w.l(__rtentry4.o)
    0x000004a8   0x00000000   Code   RO         1435    .ARM.Collect$$rtentry$$00000009  c_w.l(__rtentry2.o)
    0x000004a8   0x00000004   Code   RO         1436    .ARM.Collect$$rtentry$$0000000A  c_w.l(__rtentry2.o)
    0x000004ac   0x00000000   Code   RO         1438    .ARM.Collect$$rtentry$$0000000C  c_w.l(__rtentry2.o)
    0x000004ac   0x00000008   Code   RO         1439    .ARM.Collect$$rtentry$$0000000D  c_w.l(__rtentry2.o)
    0x000004b4   0x00000002   Code   RO         1511    .ARM.Collect$$rtexit$$00000000  c_w.l(rtexit.o)
    0x000004b6   0x00000000   Code   RO         1541    .ARM.Collect$$rtexit$$00000002  c_w.l(rtexit2.o)
    0x000004b6   0x00000004   Code   RO         1542    .ARM.Collect$$rtexit$$00000003  c_w.l(rtexit2.o)
    0x000004ba   0x00000006   Code   RO         1543    .ARM.Collect$$rtexit$$00000004  c_w.l(rtexit2.o)
    0x000004c0   0x000000ba   Code   RO          671    .emb_text           port.o
    0x0000057a   0x00000002   PAD
    0x0000057c   0x00000048   Code   RO         1208  * .text               startup_mk64f12.o
    0x000005c4   0x0000001a   Code   RO         1312    .text               c_w.l(atoi.o)
    0x000005de   0x00000002   PAD
    0x000005e0   0x0000000c   Code   RO         1314    .text               c_w.l(strtok.o)
    0x000005ec   0x0000003e   Code   RO         1317    .text               c_w.l(strlen.o)
    0x0000062a   0x00000096   Code   RO         1319    .text               c_w.l(strncmp.o)
    0x000006c0   0x0000008a   Code   RO         1321    .text               c_w.l(rt_memcpy_v6.o)
    0x0000074a   0x00000010   Code   RO         1323    .text               c_w.l(aeabi_memset.o)
    0x0000075a   0x00000044   Code   RO         1325    .text               c_w.l(rt_memclr.o)
    0x0000079e   0x0000004e   Code   RO         1327    .text               c_w.l(rt_memclr_w.o)
    0x000007ec   0x00000056   Code   RO         1329    .text               c_w.l(strncpy.o)
    0x00000842   0x00000006   Code   RO         1331    .text               c_w.l(heapauxi.o)
    0x00000848   0x00000008   Code   RO         1346    .text               c_w.l(rt_errno_addr_intlibspace.o)
    0x00000850   0x00000070   Code   RO         1374    .text               c_w.l(strtol.o)
    0x000008c0   0x00000044   Code   RO         1376    .text               c_w.l(strtok_int.o)
    0x00000904   0x00000064   Code   RO         1378    .text               c_w.l(rt_memcpy_w.o)
    0x00000968   0x00000008   Code   RO         1429    .text               c_w.l(libspace.o)
    0x00000970   0x00000010   Code   RO         1447    .text               c_w.l(rt_ctype_table.o)
    0x00000980   0x0000009e   Code   RO         1457    .text               c_w.l(_strtoul.o)
    0x00000a1e   0x00000020   Code   RO         1463    .text               c_w.l(strcspn.o)
    0x00000a3e   0x0000001c   Code   RO         1465    .text               c_w.l(strspn.o)
    0x00000a5a   0x00000002   Code   RO         1474    .text               c_w.l(use_no_semi.o)
    0x00000a5c   0x00000000   Code   RO         1476    .text               c_w.l(indicate_semi.o)
    0x00000a5c   0x0000004a   Code   RO         1477    .text               c_w.l(sys_stackheap_outer.o)
    0x00000aa6   0x00000002   PAD
    0x00000aa8   0x00000008   Code   RO         1484    .text               c_w.l(rt_locale_intlibspace.o)
    0x00000ab0   0x0000001c   Code   RO         1488    .text               c_w.l(_chval.o)
    0x00000acc   0x0000000c   Code   RO         1493    .text               c_w.l(exit.o)
    0x00000ad8   0x0000000c   Code   RO         1509    .text               c_w.l(sys_exit.o)
    0x00000ae4   0x00000080   Code   RO         1521    .text               c_w.l(strcmpv7m.o)
    0x00000b64   0x0000005c   Code   RO         1093    i.FreeRTOS_CLIGetParameter  freertos_cli.o
    0x00000bc0   0x000000d8   Code   RO         1094    i.FreeRTOS_CLIProcessCommand  freertos_cli.o
    0x00000c98   0x00000064   Code   RO         1095    i.FreeRTOS_CLIRegisterCommand  freertos_cli.o
    0x00000cfc   0x0000001c   Code   RO          888    i.GPIO_Init         enet.o
    0x00000d18   0x00000118   Code   RO          889    i.MAC_DescInit      enet.o
    0x00000e30   0x0000005c   Code   RO          890    i.MAC_SetAddress    enet.o
    0x00000e8c   0x00000016   Code   RO          891    i.NVIC_EnableIRQ    enet.o
    0x00000ea2   0x0000003c   Code   RO          961    i.PHY_AddressDiscover  phy.o
    0x00000ede   0x00000002   PAD
    0x00000ee0   0x0000001c   Code   RO          962    i.PHY_Init          phy.o
    0x00000efc   0x0000004c   Code   RO          963    i.PHY_Read          phy.o
    0x00000f48   0x00000048   Code   RO          964    i.PHY_Write         phy.o
    0x00000f90   0x0000001c   Code   RO          892    i.SIM_Init          enet.o
    0x00000fac   0x00000068   Code   RO          894    i.SendRaw           enet.o
    0x00001014   0x00000034   Code   RO          672    i.SysTick_Handler   port.o
    0x00001048   0x000000f8   Code   RO         1218    i.SystemInit        system_mk64f12.o
    0x00001140   0x000000bc   Code   RO         1011    i.UART0_RX_TX_IRQHandler  uart.o
    0x000011fc   0x000001e0   Code   RO         1012    i.UART_Init         uart.o
    0x000013dc   0x0000001c   Code   RO          798    i.abc               main.o
    0x000013f8   0x000000c0   Code   RO          895    i.enet_init         enet.o
    0x000014b8   0x00000030   Code   RO          965    i.enet_start_mii    phy.o
    0x000014e8   0x0000018c   Code   RO          799    i.main              main.o
    0x00001674   0x00000054   Code   RO          371    i.prvAddCurrentTaskToDelayedList  tasks.o
    0x000016c8   0x00000042   Code   RO          372    i.prvAllocateTCBAndStack  tasks.o
    0x0000170a   0x00000002   PAD
    0x0000170c   0x00000064   Code   RO          373    i.prvCheckTasksWaitingTermination  tasks.o
    0x00001770   0x0000002a   Code   RO          220    i.prvCopyDataFromQueue  queue.o
    0x0000179a   0x00000080   Code   RO          221    i.prvCopyDataToQueue  queue.o
    0x0000181a   0x00000012   Code   RO          374    i.prvDeleteTCB      tasks.o
    0x0000182c   0x0000002e   Code   RO         1096    i.prvGetNumberOfParameters  freertos_cli.o
    0x0000185a   0x00000002   PAD
    0x0000185c   0x0000007c   Code   RO          737    i.prvHeapInit       heap_4.o
    0x000018d8   0x0000004c   Code   RO         1097    i.prvHelpCommand    freertos_cli.o
    0x00001924   0x0000001c   Code   RO          375    i.prvIdleTask       tasks.o
    0x00001940   0x00000062   Code   RO          376    i.prvInitialiseTCBVariables  tasks.o
    0x000019a2   0x00000002   PAD
    0x000019a4   0x00000068   Code   RO          377    i.prvInitialiseTaskLists  tasks.o
    0x00001a0c   0x00000068   Code   RO          738    i.prvInsertBlockIntoFreeList  heap_4.o
    0x00001a74   0x0000001a   Code   RO          222    i.prvIsQueueEmpty   queue.o
    0x00001a8e   0x00000002   PAD
    0x00001a90   0x00000034   Code   RO          378    i.prvResetNextTaskUnblockTime  tasks.o
    0x00001ac4   0x00000040   Code   RO          673    i.prvTaskExitError  port.o
    0x00001b04   0x00000058   Code   RO          380    i.prvTaskIsTaskSuspended  tasks.o
    0x00001b5c   0x00000058   Code   RO         1050    i.prvTransmitOwnPacket  cli-commands.o
    0x00001bb4   0x000000fc   Code   RO         1051    i.prvTransmitPing   cli-commands.o
    0x00001cb0   0x0000007e   Code   RO          224    i.prvUnlockQueue    queue.o
    0x00001d2e   0x00000002   PAD
    0x00001d30   0x0000013c   Code   RO          739    i.pvPortMalloc      heap_4.o
    0x00001e6c   0x00000020   Code   RO          381    i.pvTaskIncrementMutexHeldCount  tasks.o
    0x00001e8c   0x00000028   Code   RO          674    i.pxPortInitialiseStack  port.o
    0x00001eb4   0x00000028   Code   RO          800    i.test2             main.o
    0x00001edc   0x00000028   Code   RO          178    i.uxListRemove      list.o
    0x00001f04   0x0000003c   Code   RO         1151    i.vCommandConsoleTask  clitask.o
    0x00001f40   0x0000001a   Code   RO          179    i.vListInitialise   list.o
    0x00001f5a   0x00000006   Code   RO          180    i.vListInitialiseItem  list.o
    0x00001f60   0x00000034   Code   RO          181    i.vListInsert       list.o
    0x00001f94   0x00000018   Code   RO          182    i.vListInsertEnd    list.o
    0x00001fac   0x00000054   Code   RO          676    i.vPortEnterCritical  port.o
    0x00002000   0x0000003c   Code   RO          677    i.vPortExitCritical  port.o
    0x0000203c   0x00000094   Code   RO          740    i.vPortFree         heap_4.o
    0x000020d0   0x00000020   Code   RO          678    i.vPortSetupTimerInterrupt  port.o
    0x000020f0   0x00000078   Code   RO          679    i.vPortValidateInterruptPriority  port.o
    0x00002168   0x00000018   Code   RO         1052    i.vRegisterCLICommands  cli-commands.o
    0x00002180   0x00000024   Code   RO         1182    i.vStreamTask       streamtask.o
    0x000021a4   0x0000008c   Code   RO          388    i.vTaskDelay        tasks.o
    0x00002230   0x0000000c   Code   RO          392    i.vTaskMissedYield  tasks.o
    0x0000223c   0x0000007c   Code   RO          394    i.vTaskPlaceOnEventList  tasks.o
    0x000022b8   0x000000b0   Code   RO          396    i.vTaskPriorityInherit  tasks.o
    0x00002368   0x00000030   Code   RO          399    i.vTaskSetTimeOutState  tasks.o
    0x00002398   0x00000070   Code   RO          400    i.vTaskStartScheduler  tasks.o
    0x00002408   0x000000e8   Code   RO          401    i.vTaskSuspend      tasks.o
    0x000024f0   0x00000010   Code   RO          402    i.vTaskSuspendAll   tasks.o
    0x00002500   0x0000008c   Code   RO          403    i.vTaskSwitchContext  tasks.o
    0x0000258c   0x000000b4   Code   RO          680    i.xPortStartScheduler  port.o
    0x00002640   0x00000088   Code   RO          231    i.xQueueGenericCreate  queue.o
    0x000026c8   0x00000184   Code   RO          232    i.xQueueGenericReceive  queue.o
    0x0000284c   0x0000007e   Code   RO          233    i.xQueueGenericReset  queue.o
    0x000028ca   0x000000f0   Code   RO          235    i.xQueueGenericSendFromISR  queue.o
    0x000029ba   0x00000002   PAD
    0x000029bc   0x0000008c   Code   RO          404    i.xTaskCheckForTimeOut  tasks.o
    0x00002a48   0x00000154   Code   RO          405    i.xTaskGenericCreate  tasks.o
    0x00002b9c   0x00000020   Code   RO          407    i.xTaskGetSchedulerState  tasks.o
    0x00002bbc   0x00000110   Code   RO          410    i.xTaskIncrementTick  tasks.o
    0x00002ccc   0x000000a0   Code   RO          414    i.xTaskPriorityDisinherit  tasks.o
    0x00002d6c   0x00000098   Code   RO          415    i.xTaskRemoveFromEventList  tasks.o
    0x00002e04   0x000000ec   Code   RO          417    i.xTaskResumeAll    tasks.o
    0x00002ef0   0x000000b4   Code   RO          418    i.xTaskResumeFromISR  tasks.o
    0x00002fa4   0x0000002c   Code   RO         1491    locale$$code        c_w.l(lc_ctype_c.o)
    0x00002fd0   0x0000000a   Code   RO         1472    x$fpl$fpinit        fz_wm.l(fpinit.o)
    0x00002fda   0x00000002   PAD
    0x00002fdc   0x00000020   Data   RO         1053    .constdata          cli-commands.o
    0x00002ffc   0x00000010   Data   RO         1098    .constdata          freertos_cli.o
    0x0000300c   0x00000058   Data   RO         1054    .conststring        cli-commands.o
    0x00003064   0x000000dd   Data   RO         1099    .conststring        freertos_cli.o
    0x00003141   0x00000003   PAD
    0x00003144   0x00000020   Data   RO         1568    Region$$Table       anon$$obj.o
    0x00003164   0x00000110   Data   RO         1490    locale$$data        c_w.l(lc_ctype_c.o)


    Execution Region ER_RW (Base: 0x20000000, Size: 0x000000f0, Max: 0xffffffff, ABSOLUTE)

    Base Addr    Size         Type   Attr      Idx    E Section Name        Object

    0x20000000   0x00000038   Data   RW          420    .data               tasks.o
    0x20000038   0x0000000c   Data   RW          681    .data               port.o
    0x20000044   0x00000018   Data   RW          745    .data               heap_4.o
    0x2000005c   0x00000010   Data   RW          801    .data               main.o
    0x2000006c   0x0000004c   Data   RW          897    .data               enet.o
    0x200000b8   0x00000004   Data   RW          966    .data               phy.o
    0x200000bc   0x00000011   Data   RW         1014    .data               uart.o
    0x200000cd   0x00000003   PAD
    0x200000d0   0x00000018   Data   RW         1100    .data               freertos_cli.o
    0x200000e8   0x00000004   Data   RW         1219    .data               system_mk64f12.o
    0x200000ec   0x00000004   Data   RW         1315    .data               c_w.l(strtok.o)


    Execution Region ER_ZI (Base: 0x200000f0, Size: 0x00007d28, Max: 0xffffffff, ABSOLUTE)

    Base Addr    Size         Type   Attr      Idx    E Section Name        Object

    0x200000f0   0x000000dc   Zero   RW          419    .bss                tasks.o
    0x200001cc   0x00004000   Zero   RW          744    .bss                heap_4.o
    0x200041cc   0x00000004   PAD
    0x200041d0   0x00003720   Zero   RW          896    .bss                enet.o
    0x200078f0   0x000000c8   Zero   RW         1013    .bss                uart.o
    0x200079b8   0x00000060   Zero   RW         1430    .bss                c_w.l(libspace.o)
    0x20007a18   0x00000000   Zero   RW         1205    HEAP                startup_mk64f12.o
    0x20007a18   0x00000400   Zero   RW         1204    STACK               startup_mk64f12.o


==============================================================================

Image component sizes


      Code (inc. data)   RO Data    RW Data    ZI Data      Debug   Object Name

       364         26        120          0          0       3576   cli-commands.o
        60          4          0          0          0        634   clitask.o
         0          0          0          0          0       5764   croutine.o
       746         94          0         76      14112      29103   enet.o
         0          0          0          0          0       8716   event_groups.o
       530         32        237         24          0       5678   freertos_cli.o
       692         62          0         24      16384       6607   heap_4.o
       148          0          0          0          0       8038   list.o
       464         98          0         16          0     352014   main.o
       284         28          0          4          0       3017   phy.o
       818         88          0         12          0       8129   port.o
      1212          4          0          0          0      11237   queue.o
        88         44       1024          0       1024       1132   startup_mk64f12.o
        36          6          0          0          0        586   streamtask.o
       248         34          0          4          0        847   system_mk64f12.o
      3182        406          0         56        220      21974   tasks.o
         0          0          0          0          0       2308   timers.o
       668         84          0         17        200      27209   uart.o

    ----------------------------------------------------------------------
      9556       1010       1416        236      31944     496569   Object Totals
         0          0         32          0          0          0   (incl. Generated)
        16          0          3          3          4          0   (incl. Padding)

    ----------------------------------------------------------------------

      Code (inc. data)   RO Data    RW Data    ZI Data      Debug   Library Member Name

         8          0          0          0          0         68   __main.o
         0          0          0          0          0          0   __rtentry.o
        12          0          0          0          0          0   __rtentry2.o
         6          0          0          0          0          0   __rtentry4.o
        52          8          0          0          0          0   __scatter.o
        26          0          0          0          0          0   __scatter_copy.o
        28          0          0          0          0          0   __scatter_zi.o
        28          0          0          0          0         68   _chval.o
       158          0          0          0          0         92   _strtoul.o
        16          0          0          0          0         68   aeabi_memset.o
        26          0          0          0          0         80   atoi.o
        12          0          0          0          0         72   exit.o
         6          0          0          0          0        152   heapauxi.o
         0          0          0          0          0          0   indicate_semi.o
        44         10        272          0          0         76   lc_ctype_c.o
         2          0          0          0          0          0   libinit.o
        24          0          0          0          0          0   libinit2.o
         2          0          0          0          0          0   libshutdown.o
         2          0          0          0          0          0   libshutdown2.o
         8          4          0          0         96         68   libspace.o
        16          4          0          0          0         76   rt_ctype_table.o
         8          4          0          0          0         68   rt_errno_addr_intlibspace.o
         8          4          0          0          0         68   rt_locale_intlibspace.o
        68          0          0          0          0         68   rt_memclr.o
        78          0          0          0          0         80   rt_memclr_w.o
       138          0          0          0          0         68   rt_memcpy_v6.o
       100          0          0          0          0         80   rt_memcpy_w.o
         2          0          0          0          0          0   rtexit.o
        10          0          0          0          0          0   rtexit2.o
       128          0          0          0          0         68   strcmpv7m.o
        32          0          0          0          0         80   strcspn.o
        62          0          0          0          0         76   strlen.o
       150          0          0          0          0         80   strncmp.o
        86          0          0          0          0         76   strncpy.o
        28          0          0          0          0         80   strspn.o
        12          6          0          4          0         68   strtok.o
        68          4          0          0          0         84   strtok_int.o
       112          0          0          0          0         88   strtol.o
        12          4          0          0          0         68   sys_exit.o
        74          0          0          0          0         80   sys_stackheap_outer.o
         2          0          0          0          0         68   use_no_semi.o
        10          0          0          0          0        116   fpinit.o

    ----------------------------------------------------------------------
      1672         48        272          4         96       2284   Library Totals
         8          0          0          0          0          0   (incl. Padding)

    ----------------------------------------------------------------------

      Code (inc. data)   RO Data    RW Data    ZI Data      Debug   Library Name

      1654         48        272          4         96       2168   c_w.l
        10          0          0          0          0        116   fz_wm.l

    ----------------------------------------------------------------------
      1672         48        272          4         96       2284   Library Totals

    ----------------------------------------------------------------------

==============================================================================


      Code (inc. data)   RO Data    RW Data    ZI Data      Debug   

     11228       1058       1688        240      32040     490005   Grand Totals
     11228       1058       1688        240      32040     490005   ELF Image Totals
     11228       1058       1688        240          0          0   ROM Totals

==============================================================================

    Total RO  Size (Code + RO Data)                12916 (  12.61kB)
    Total RW  Size (RW Data + ZI Data)             32280 (  31.52kB)
    Total ROM Size (Code + RO Data + RW Data)      13156 (  12.85kB)

==============================================================================

